#
# There is insufficient memory for the Java Runtime Environment to continue.
# Native memory allocation (mmap) failed to map 65536 bytes. Error detail: Failed to commit metaspace.
# Possible reasons:
#   The system is out of physical RAM or swap space
#   This process is running with CompressedOops enabled, and the Java Heap may be blocking the growth of the native heap
# Possible solutions:
#   Reduce memory load on the system
#   Increase physical memory or swap space
#   Check if swap backing store is full
#   Decrease Java heap size (-Xmx/-Xms)
#   Decrease number of Java threads
#   Decrease Java thread stack sizes (-Xss)
#   Set larger code cache with -XX:ReservedCodeCacheSize=
#   JVM is running with Unscaled Compressed Oops mode in which the Java heap is
#     placed in the first 4GB address space. The Java Heap base address is the
#     maximum limit for the native heap growth. Please use -XX:HeapBaseMinAddress
#     to set the Java Heap base and to place the Java Heap above 4GB virtual address.
# This output file may be truncated or incomplete.
#
#  Out of Memory Error (virtualSpaceNode.cpp:113), pid=50496, tid=51724
#
# JRE version: OpenJDK Runtime Environment Temurin-21.0.12.1+1 (21.0.12.1+1) (build 21.0.12.1+1-LTS)
# Java VM: OpenJDK 64-Bit Server VM Temurin-21.0.12.1+1 (21.0.12.1+1-LTS, mixed mode, sharing, tiered, compressed oops, compressed class ptrs, parallel gc, windows-amd64)
# No core dump will be written. Minidumps are not enabled by default on client versions of Windows
#

---------------  S U M M A R Y ------------

Command Line: --add-modules=ALL-SYSTEM --add-opens=java.base/java.util=ALL-UNNAMED --add-opens=java.base/java.lang=ALL-UNNAMED --add-opens=java.base/sun.nio.fs=ALL-UNNAMED -Declipse.application=org.eclipse.jdt.ls.core.id1 -Dosgi.bundles.defaultStartLevel=4 -Declipse.product=org.eclipse.jdt.ls.core.product -Djava.import.generatesMetadataFilesAtProjectRoot=false -Dm2e.project.cache.size=50 -DDetectVMInstallationsJob.disabled=true -Dfile.encoding=utf8 -XX:+UseParallelGC -XX:GCTimeRatio=4 -XX:AdaptiveSizePolicyWeight=90 -Dsun.zip.disableMemoryMapping=true -Xmx2G -Xms100m -Xlog:disable -javaagent:c:\Users\LENOVO\.vscode\extensions\redhat.java-1.56.0-win32-x64\lombok\lombok-1.18.39-4050.jar -XX:+HeapDumpOnOutOfMemoryError -XX:HeapDumpPath=c:\Users\LENOVO\AppData\Roaming\Code\User\workspaceStorage\9ba78abc6052383251a740eb9fd9f518\redhat.java -Daether.dependencyCollector.impl=bf c:\Users\LENOVO\.vscode\extensions\redhat.java-1.56.0-win32-x64\server\plugins\org.eclipse.equinox.launcher_1.8.0.v20260804-1928.jar -configuration c:\Users\LENOVO\AppData\Roaming\Code\User\globalStorage\redhat.java\1.56.0\config_win -data c:\Users\LENOVO\AppData\Roaming\Code\User\workspaceStorage\9ba78abc6052383251a740eb9fd9f518\redhat.java\jdt_ws --pipe=\\.\pipe\lsp-4522160ecd44fe6c9bc6d5aa000e004b-sock

Host: AMD Ryzen 5 7530U with Radeon Graphics         , 12 cores, 5G,  Windows 11 , 64 bit Build 26100 (10.0.26100.9444)
Time: Tue Oct  6 15:44:08 2026 SE Asia Standard Time elapsed time: 2.809038 seconds (0d 0h 0m 2s)

---------------  T H R E A D  ---------------

Current thread (0x000002a24f45d0f0):  JavaThread "main"             [_thread_in_vm, id=51724, stack(0x000000e6c9800000,0x000000e6c9900000) (1024K)]

Stack: [0x000000e6c9800000,0x000000e6c9900000]
Native frames: (J=compiled Java code, j=interpreted, Vv=VM code, C=native code)
V  [jvm.dll+0x6d83e9]
V  [jvm.dll+0x8b5736]
V  [jvm.dll+0x8b7cee]
V  [jvm.dll+0x8b83d3]
V  [jvm.dll+0x284596]
V  [jvm.dll+0x8b147e]
V  [jvm.dll+0x679ad4]
V  [jvm.dll+0x1e849b]
V  [jvm.dll+0x1e825e]
V  [jvm.dll+0x67c3d2]
V  [jvm.dll+0x67c202]
V  [jvm.dll+0x67a4ae]
V  [jvm.dll+0x26f816]
V  [jvm.dll+0x21a11f]
V  [jvm.dll+0x20f80e]
V  [jvm.dll+0x5b6a7f]
V  [jvm.dll+0x82f77d]
V  [jvm.dll+0x479a6e]
V  [jvm.dll+0x48cde6]
C  [java.dll+0x1657]

Java frames: (J=compiled Java code, j=interpreted, Vv=VM code)
j  java.lang.ClassLoader.defineClass0(Ljava/lang/ClassLoader;Ljava/lang/Class;Ljava/lang/String;[BIILjava/security/ProtectionDomain;ZILjava/lang/Object;)Ljava/lang/Class;+0 java.base@21.0.12.1
j  java.lang.System$2.defineClass(Ljava/lang/ClassLoader;Ljava/lang/Class;Ljava/lang/String;[BLjava/security/ProtectionDomain;ZILjava/lang/Object;)Ljava/lang/Class;+17 java.base@21.0.12.1
j  java.lang.invoke.MethodHandles$Lookup$ClassDefiner.defineClass(ZLjava/lang/Object;)Ljava/lang/Class;+57 java.base@21.0.12.1
j  java.lang.invoke.InvokerBytecodeGenerator.loadMethod([B)Ljava/lang/invoke/MemberName;+22 java.base@21.0.12.1
j  java.lang.invoke.InvokerBytecodeGenerator.generateCustomizedCode(Ljava/lang/invoke/LambdaForm;Ljava/lang/invoke/MethodType;)Ljava/lang/invoke/MemberName;+30 java.base@21.0.12.1
j  java.lang.invoke.LambdaForm.compileToBytecode()V+69 java.base@21.0.12.1
J 623 c1 java.lang.invoke.LambdaForm.prepare()V java.base@21.0.12.1 (108 bytes) @ 0x000002a252746dfc [0x000002a252746c60+0x000000000000019c]
J 622 c1 java.lang.invoke.MethodHandle.<init>(Ljava/lang/invoke/MethodType;Ljava/lang/invoke/LambdaForm;)V java.base@21.0.12.1 (37 bytes) @ 0x000002a2527460c4 [0x000002a252745ea0+0x0000000000000224]
j  java.lang.invoke.BoundMethodHandle.<init>(Ljava/lang/invoke/MethodType;Ljava/lang/invoke/LambdaForm;)V+3 java.base@21.0.12.1
j  java.lang.invoke.BoundMethodHandle$Species_L.<init>(Ljava/lang/invoke/MethodType;Ljava/lang/invoke/LambdaForm;Ljava/lang/Object;)V+3 java.base@21.0.12.1
j  java.lang.invoke.BoundMethodHandle$Species_L.make(Ljava/lang/invoke/MethodType;Ljava/lang/invoke/LambdaForm;Ljava/lang/Object;)Ljava/lang/invoke/BoundMethodHandle;+7 java.base@21.0.12.1
j  java.lang.invoke.BoundMethodHandle.bindSingle(Ljava/lang/invoke/MethodType;Ljava/lang/invoke/LambdaForm;Ljava/lang/Object;)Ljava/lang/invoke/BoundMethodHandle;+3 java.base@21.0.12.1
j  java.lang.invoke.SimpleMethodHandle.copyWithExtendL(Ljava/lang/invoke/MethodType;Ljava/lang/invoke/LambdaForm;Ljava/lang/Object;)Ljava/lang/invoke/BoundMethodHandle;+3 java.base@21.0.12.1
j  java.lang.invoke.MethodHandles.argumentsWithCombiner(ZLjava/lang/invoke/MethodHandle;ILjava/lang/invoke/MethodHandle;[I)Ljava/lang/invoke/MethodHandle;+122 java.base@21.0.12.1
j  java.lang.invoke.MethodHandles.filterArgumentsWithCombiner(Ljava/lang/invoke/MethodHandle;ILjava/lang/invoke/MethodHandle;[I)Ljava/lang/invoke/MethodHandle;+5 java.base@21.0.12.1
j  java.lang.invoke.StringConcatFactory.prepender(I[Ljava/lang/String;[Ljava/lang/Class;I)Ljava/lang/invoke/MethodHandle;+109 java.base@21.0.12.1
j  java.lang.invoke.StringConcatFactory.filterInPrependers(Ljava/lang/invoke/MethodHandle;[Ljava/lang/String;[Ljava/lang/Class;)Ljava/lang/invoke/MethodHandle;+64 java.base@21.0.12.1
j  java.lang.invoke.StringConcatFactory.generateMHInlineCopy(Ljava/lang/invoke/MethodType;[Ljava/lang/String;)Ljava/lang/invoke/MethodHandle;+388 java.base@21.0.12.1
j  java.lang.invoke.StringConcatFactory.makeConcatWithConstants(Ljava/lang/invoke/MethodHandles$Lookup;Ljava/lang/String;Ljava/lang/invoke/MethodType;Ljava/lang/String;[Ljava/lang/Object;)Ljava/lang/invoke/CallSite;+227 java.base@21.0.12.1
j  java.lang.invoke.DirectMethodHandle$Holder.invokeStatic(Ljava/lang/Object;Ljava/lang/Object;Ljava/lang/Object;Ljava/lang/Object;Ljava/lang/Object;Ljava/lang/Object;)Ljava/lang/Object;+18 java.base@21.0.12.1
j  java.lang.invoke.DelegatingMethodHandle$Holder.delegate(Ljava/lang/Object;Ljava/lang/Object;Ljava/lang/Object;Ljava/lang/Object;Ljava/lang/Object;Ljava/lang/Object;)Ljava/lang/Object;+21 java.base@21.0.12.1
j  java.lang.invoke.Invokers$Holder.invokeExact_MT(Ljava/lang/Object;Ljava/lang/Object;Ljava/lang/Object;Ljava/lang/Object;Ljava/lang/Object;Ljava/lang/Object;Ljava/lang/Object;)Ljava/lang/Object;+26 java.base@21.0.12.1
j  java.lang.invoke.BootstrapMethodInvoker.invoke(Ljava/lang/Class;Ljava/lang/invoke/MethodHandle;Ljava/lang/String;Ljava/lang/Object;Ljava/lang/Object;Ljava/lang/Class;)Ljava/lang/Object;+157 java.base@21.0.12.1
j  java.lang.invoke.CallSite.makeSite(Ljava/lang/invoke/MethodHandle;Ljava/lang/String;Ljava/lang/invoke/MethodType;Ljava/lang/Object;Ljava/lang/Class;)Ljava/lang/invoke/CallSite;+8 java.base@21.0.12.1
j  java.lang.invoke.MethodHandleNatives.linkCallSiteImpl(Ljava/lang/Class;Ljava/lang/invoke/MethodHandle;Ljava/lang/String;Ljava/lang/invoke/MethodType;Ljava/lang/Object;[Ljava/lang/Object;)Ljava/lang/invoke/MemberName;+6 java.base@21.0.12.1
j  java.lang.invoke.MethodHandleNatives.linkCallSite(Ljava/lang/Object;Ljava/lang/Object;Ljava/lang/Object;Ljava/lang/Object;Ljava/lang/Object;[Ljava/lang/Object;)Ljava/lang/invoke/MemberName;+45 java.base@21.0.12.1
v  ~StubRoutines::call_stub 0x000002a259b9100d
j  org.eclipse.equinox.launcher.Main.readFrameworkExtensions(Ljava/net/URL;Ljava/util/List;)V+337
j  org.eclipse.equinox.launcher.Main.addBaseJars(Ljava/net/URL;Ljava/util/List;)V+13
j  org.eclipse.equinox.launcher.Main.getDevPath(Ljava/net/URL;)Ljava/util/List;+27
j  org.eclipse.equinox.launcher.Main.getBootPath(Ljava/lang/String;)Ljava/util/List;+169
j  org.eclipse.equinox.launcher.Main.basicRun([Ljava/lang/String;)V+121
j  org.eclipse.equinox.launcher.Main.run([Ljava/lang/String;)I+4
j  org.eclipse.equinox.launcher.Main.main([Ljava/lang/String;)V+10
v  ~StubRoutines::call_stub 0x000002a259b9100d

Compiled method (c1) 3128  623       3       java.lang.invoke.LambdaForm::prepare (108 bytes)
 total in heap  [0x000002a252746a10,0x000002a252747640] = 3120
 relocation     [0x000002a252746b70,0x000002a252746c50] = 224
 main code      [0x000002a252746c60,0x000002a252747310] = 1712
 stub code      [0x000002a252747310,0x000002a2527473a8] = 152
 metadata       [0x000002a2527473a8,0x000002a2527473f0] = 72
 scopes data    [0x000002a2527473f0,0x000002a2527474a8] = 184
 scopes pcs     [0x000002a2527474a8,0x000002a2527475e8] = 320
 dependencies   [0x000002a2527475e8,0x000002a252747600] = 24
 nul chk table  [0x000002a252747600,0x000002a252747640] = 64

[Constant Pool (empty)]

[MachCode]
[Entry Point]
  # {method} {0x000002a20008e998} 'prepare' '()V' in 'java/lang/invoke/LambdaForm'
  #           [sp+0x70]  (sp of caller)
  0x000002a252746c60: 448b 5208 | 49bb 0000 | 0000 a202 | 0000 4d03 | d34c 3bd0 

  0x000002a252746c74: ;   {runtime_call ic_miss_stub}
  0x000002a252746c74: 0f85 0678 | 4907 660f | 1f44 0000 
[Verified Entry Point]
  0x000002a252746c80: 8984 2400 | 80ff ff55 | 4883 ec60 | 4181 7f20 | 0100 0000 

  0x000002a252746c94: ;   {runtime_call StubRoutines (final stubs)}
  0x000002a252746c94: 7405 e845 | 1d48 0748 | 8954 2438 

  0x000002a252746ca0: ;   {metadata(method data for {method} {0x000002a20008e998} 'prepare' '()V' in 'java/lang/invoke/LambdaForm')}
  0x000002a252746ca0: 48be 68ad | 1669 a202 | 0000 8bbe | cc00 0000 | 83c7 0289 | becc 0000 | 0081 e7fe | 0700 0085 
  0x000002a252746cc0: ff0f 8452 

  0x000002a252746cc4: ;   {metadata(method data for {method} {0x000002a20008e998} 'prepare' '()V' in 'java/lang/invoke/LambdaForm')}
  0x000002a252746cc4: 0500 0048 | be68 ad16 | 69a2 0200 | 00ff 8620 | 0100 0048 

  0x000002a252746cd8: ;   {metadata(method data for {method} {0x000002a20008e998} 'prepare' '()V' in 'java/lang/invoke/LambdaForm')}
  0x000002a252746cd8: 8bf2 48bf | 68ad 1669 | a202 0000 | 4883 8730 | 0100 0001 

  0x000002a252746cec: ;   {metadata(method data for {method} {0x000002a2003f8410} 'forceInterpretation' '()Z' in 'java/lang/invoke/LambdaForm')}
  0x000002a252746cec: 48be f02e | 0969 a202 | 0000 8bbe | cc00 0000 | 83c7 0289 | becc 0000 | 0081 e7fe | ff1f 0085 
  0x000002a252746d0c: ff0f 8427 | 0500 008b | 7214 83fe 

  0x000002a252746d18: ;   {metadata(method data for {method} {0x000002a2003f8410} 'forceInterpretation' '()Z' in 'java/lang/invoke/LambdaForm')}
  0x000002a252746d18: ff48 bef0 | 2e09 69a2 | 0200 0048 | c7c7 1001 | 0000 7507 | 48c7 c720 | 0100 0048 | 8b1c 3e48 
  0x000002a252746d38: 8d5b 0148 | 891c 3e0f | 851a 0000 

  0x000002a252746d44: ;   {metadata(method data for {method} {0x000002a2003f8410} 'forceInterpretation' '()Z' in 'java/lang/invoke/LambdaForm')}
  0x000002a252746d44: 0048 bef0 | 2e09 69a2 | 0200 00ff | 8630 0100 | 00be 0100 | 0000 e905 | 0000 00be | 0000 0000 
  0x000002a252746d64: 83e6 0185 

  0x000002a252746d68: ;   {metadata(method data for {method} {0x000002a20008e998} 'prepare' '()V' in 'java/lang/invoke/LambdaForm')}
  0x000002a252746d68: f648 be68 | ad16 69a2 | 0200 0048 | c7c7 6801 | 0000 7507 | 48c7 c778 | 0100 0048 | 8b1c 3e48 
  0x000002a252746d88: 8d5b 0148 | 891c 3e0f | 8574 0000 | 000f be72 

  0x000002a252746d98: ;   {metadata(method data for {method} {0x000002a20008e998} 'prepare' '()V' in 'java/lang/invoke/LambdaForm')}
  0x000002a252746d98: 1985 f648 | be68 ad16 | 69a2 0200 | 0048 c7c7 | 8801 0000 | 7507 48c7 | c798 0100 | 0048 8b1c 
  0x000002a252746db8: 3e48 8d5b | 0148 891c | 3e0f 8542 | 0000 0048 

  0x000002a252746dc8: ;   {metadata(method data for {method} {0x000002a20008e998} 'prepare' '()V' in 'java/lang/invoke/LambdaForm')}
  0x000002a252746dc8: 8bf2 48bf | 68ad 1669 | a202 0000 

  0x000002a252746dd4: ;   {metadata('java/lang/invoke/LambdaForm')}
  0x000002a252746dd4: 49ba e0e2 | 0800 a202 | 0000 4c89 | 97b8 0100 | 0048 8387 | c001 0000 | 0148 8bf2 | 488b d60f 
  0x000002a252746df4: ;   {optimized virtual_call}
  0x000002a252746df4: 1f40 00e8 

  0x000002a252746df8: ; ImmutableOopMap {[56]=Oop }
                      ;*invokevirtual compileToBytecode {reexecute=0 rethrow=0 return_oop=0}
                      ; - java.lang.invoke.LambdaForm::prepare@21
  0x000002a252746df8: 1905 0000 

  0x000002a252746dfc: ;   {other}
  0x000002a252746dfc: 0f1f 8400 | ec03 0000 | 488b 5424 | 388b 7228 

  0x000002a252746e0c: ;   {metadata(method data for {method} {0x000002a20008e998} 'prepare' '()V' in 'java/lang/invoke/LambdaForm')}
  0x000002a252746e0c: 4885 f648 | be68 ad16 | 69a2 0200 | 0048 c7c7 | f001 0000 | 7507 48c7 | c7e0 0100 | 0048 8b1c 
  0x000002a252746e2c: 3e48 8d5b | 0148 891c | 3e0f 85cb | 0300 0048 

  0x000002a252746e3c: ;   {metadata(method data for {method} {0x000002a20008e998} 'prepare' '()V' in 'java/lang/invoke/LambdaForm')}
  0x000002a252746e3c: 8bf2 48bf | 68ad 1669 | a202 0000 

  0x000002a252746e48: ;   {metadata('java/lang/invoke/LambdaForm')}
  0x000002a252746e48: 49ba e0e2 | 0800 a202 | 0000 4c89 | 9710 0200 | 0048 8387 | 1802 0000 | 0148 8bf2 

  0x000002a252746e64: ;   {optimized virtual_call}
  0x000002a252746e64: 488b d6e8 

  0x000002a252746e68: ; ImmutableOopMap {[56]=Oop }
                      ;*invokevirtual methodType {reexecute=0 rethrow=0 return_oop=0}
                      ; - java.lang.invoke.LambdaForm::prepare@33
  0x000002a252746e68: 1479 4907 

  0x000002a252746e6c: ;   {other}
  0x000002a252746e6c: 0f1f 8400 | 5c04 0001 | 4889 4424 | 4048 3b00 

  0x000002a252746e7c: ;   {metadata(method data for {method} {0x000002a20008e998} 'prepare' '()V' in 'java/lang/invoke/LambdaForm')}
  0x000002a252746e7c: 488b d048 | be68 ad16 | 69a2 0200 | 0048 8386 | 3802 0000 | 018b 5014 

  0x000002a252746e94: ; implicit exception: dispatches to 0x000002a252747260
  0x000002a252746e94: 483b 0248 

  0x000002a252746e98: ;   {metadata(method data for {method} {0x000002a20008e998} 'prepare' '()V' in 'java/lang/invoke/LambdaForm')}
  0x000002a252746e98: 8bf2 48bf | 68ad 1669 | a202 0000 | 4883 8770 | 0200 0001 

  0x000002a252746eac: ;   {metadata(method data for {method} {0x000002a2003f72e0} 'cachedLambdaForm' '(I)Ljava/lang/invoke/LambdaForm;' in 'java/lang/invoke/MethodTypeForm')}
  0x000002a252746eac: 48be 78bd | 1669 a202 | 0000 8bbe | cc00 0000 | 83c7 0289 | becc 0000 | 0081 e7fe | ff1f 0085 
  0x000002a252746ecc: ff0f 8492 | 0300 008b | 521c 8b72 | 0c83 fe06 | 0f86 a903 | 0000 8b52 | 2848 85d2 

  0x000002a252746ee8: ;   {metadata(method data for {method} {0x000002a2003f72e0} 'cachedLambdaForm' '(I)Ljava/lang/invoke/LambdaForm;' in 'java/lang/invoke/MethodTypeForm')}
  0x000002a252746ee8: 48be 78bd | 1669 a202 | 0000 48c7 | c710 0100 | 0074 0748 | c7c7 2001 | 0000 488b | 1c3e 488d 
  0x000002a252746f08: 5b01 4889 | 1c3e 0f84 | a701 0000 

  0x000002a252746f14: ; implicit exception: dispatches to 0x000002a25274729d
  0x000002a252746f14: 483b 0248 

  0x000002a252746f18: ;   {metadata(method data for {method} {0x000002a2003f72e0} 'cachedLambdaForm' '(I)Ljava/lang/invoke/LambdaForm;' in 'java/lang/invoke/MethodTypeForm')}
  0x000002a252746f18: 8bf2 48bf | 78bd 1669 | a202 0000 | 8b76 0849 | ba00 0000 | 00a2 0200 | 0049 03f2 | 483b b740 
  0x000002a252746f38: 0100 0075 | 0d48 8387 | 4801 0000 | 01e9 6000 | 0000 483b | b750 0100 | 0075 0d48 | 8387 5801 
  0x000002a252746f58: 0000 01e9 | 4a00 0000 | 4883 bf40 | 0100 0000 | 7517 4889 | b740 0100 | 0048 c787 | 4801 0000 
  0x000002a252746f78: 0100 0000 | e929 0000 | 0048 83bf | 5001 0000 | 0075 1748 | 89b7 5001 | 0000 48c7 | 8758 0100 
  0x000002a252746f98: 0001 0000 | 00e9 0800 | 0000 4883 | 8730 0100 | 0001 0f1f 

  0x000002a252746fac: ;   {optimized virtual_call}
  0x000002a252746fac: 4400 00e8 

  0x000002a252746fb0: ; ImmutableOopMap {[56]=Oop [64]=Oop }
                      ;*invokevirtual get {reexecute=0 rethrow=0 return_oop=0}
                      ; - java.lang.invoke.MethodTypeForm::cachedLambdaForm@12
                      ; - java.lang.invoke.LambdaForm::prepare@43
  0x000002a252746fb0: cc77 4907 

  0x000002a252746fb4: ;   {other}
  0x000002a252746fb4: 0f1f 8400 | a405 0002 | 4885 c075 

  0x000002a252746fc0: ;   {metadata(method data for {method} {0x000002a2003f72e0} 'cachedLambdaForm' '(I)Ljava/lang/invoke/LambdaForm;' in 'java/lang/invoke/MethodTypeForm')}
  0x000002a252746fc0: 1648 bf78 | bd16 69a2 | 0200 0080 | 8f61 0100 | 0001 e9cc 

  0x000002a252746fd4: ;   {metadata('java/lang/invoke/LambdaForm')}
  0x000002a252746fd4: 0000 0048 | bbe0 e208 | 00a2 0200 | 008b 7008 | 49ba 0000 | 0000 a202 | 0000 4903 | f248 3bde 
  0x000002a252746ff4: 0f85 8d00 

  0x000002a252746ff8: ;   {metadata(method data for {method} {0x000002a2003f72e0} 'cachedLambdaForm' '(I)Ljava/lang/invoke/LambdaForm;' in 'java/lang/invoke/MethodTypeForm')}
  0x000002a252746ff8: 0000 48bf | 78bd 1669 | a202 0000 | 8b58 0849 | ba00 0000 | 00a2 0200 | 0049 03da | 483b 9f78 
  0x000002a252747018: 0100 0075 | 0d48 8387 | 8001 0000 | 01e9 7900 | 0000 483b | 9f88 0100 | 0075 0d48 | 8387 9001 
  0x000002a252747038: 0000 01e9 | 6300 0000 | 4883 bf78 | 0100 0000 | 7517 4889 | 9f78 0100 | 0048 c787 | 8001 0000 
  0x000002a252747058: 0100 0000 | e942 0000 | 0048 83bf | 8801 0000 | 0075 1748 | 899f 8801 | 0000 48c7 | 8790 0100 
  0x000002a252747078: 0001 0000 | 00e9 2100 | 0000 e91c 

  0x000002a252747084: ;   {metadata(method data for {method} {0x000002a2003f72e0} 'cachedLambdaForm' '(I)Ljava/lang/invoke/LambdaForm;' in 'java/lang/invoke/MethodTypeForm')}
  0x000002a252747084: 0000 0048 | bf78 bd16 | 69a2 0200 | 0048 83af | 6801 0000 | 01e9 0402 | 0000 e900 | 0000 0048 
  0x000002a2527470a4: ;   {metadata(method data for {method} {0x000002a2003f72e0} 'cachedLambdaForm' '(I)Ljava/lang/invoke/LambdaForm;' in 'java/lang/invoke/MethodTypeForm')}
  0x000002a2527470a4: 8bd0 48be | 78bd 1669 | a202 0000 | ff86 a001 | 0000 e90a 

  0x000002a2527470b8: ;   {oop(nullptr)}
  0x000002a2527470b8: 0000 0048 | ba00 0000 | 0000 0000 | 0048 85d2 

  0x000002a2527470c8: ;   {metadata(method data for {method} {0x000002a20008e998} 'prepare' '()V' in 'java/lang/invoke/LambdaForm')}
  0x000002a2527470c8: 48be 68ad | 1669 a202 | 0000 48c7 | c7a8 0200 | 0075 0748 | c7c7 b802 | 0000 488b | 1c3e 488d 
  0x000002a2527470e8: 5b01 4889 | 1c3e 0f85 | db00 0000 

  0x000002a2527470f4: ;   {metadata(method data for {method} {0x000002a20008e998} 'prepare' '()V' in 'java/lang/invoke/LambdaForm')}
  0x000002a2527470f4: 48ba 68ad | 1669 a202 | 0000 ff82 | c802 0000 | 488b 4424 

  0x000002a252747108: ;   {metadata(method data for {method} {0x000002a20008e998} 'prepare' '()V' in 'java/lang/invoke/LambdaForm')}
  0x000002a252747108: 4048 ba68 | ad16 69a2 | 0200 0048 | 8382 6003 | 0000 0148 

  0x000002a25274711c: ;   {static_call}
  0x000002a25274711c: 8bd0 90e8 

  0x000002a252747120: ; ImmutableOopMap {[56]=Oop [64]=Oop }
                      ;*invokestatic createBlankForType {reexecute=0 rethrow=0 return_oop=0}
                      ; - java.lang.invoke.LambdaForm::prepare@76
  0x000002a252747120: 5c7c 4907 

  0x000002a252747124: ;   {other}
  0x000002a252747124: 0f1f 8400 | 1407 0003 

  0x000002a25274712c: ;   {metadata(method data for {method} {0x000002a20008e998} 'prepare' '()V' in 'java/lang/invoke/LambdaForm')}
  0x000002a25274712c: 48ba 68ad | 1669 a202 | 0000 4883 | 8270 0300 | 0001 488b | 5424 4048 | 8944 2448 | 0f1f 8000 
  0x000002a25274714c: ;   {static_call}
  0x000002a25274714c: 0000 00e8 

  0x000002a252747150: ; ImmutableOopMap {[56]=Oop [64]=Oop [72]=Oop }
                      ;*invokestatic generateLambdaFormInterpreterEntryPoint {reexecute=0 rethrow=0 return_oop=0}
                      ; - java.lang.invoke.LambdaForm::prepare@82
  0x000002a252747150: 2c7c 4907 

  0x000002a252747154: ;   {other}
  0x000002a252747154: 0f1f 8400 | 4407 0004 | 4c8b 4c24 | 484c 8bd0 

  0x000002a252747164: ; implicit exception: dispatches to 0x000002a2527472ab
  0x000002a252747164: 4589 5128 | 4d8d 0149 | c1e8 0948 | ba00 00a0 | 4ea2 0200 | 0041 c604 | 1000 488b 

  0x000002a252747180: ;   {metadata(method data for {method} {0x000002a20008e998} 'prepare' '()V' in 'java/lang/invoke/LambdaForm')}
  0x000002a252747180: 4424 4049 | b868 ad16 | 69a2 0200 | 0049 8380 | 8003 0000 | 0148 8b44 | 2440 8b50 | 1448 3b02 
  0x000002a2527471a0: ;   {metadata(method data for {method} {0x000002a20008e998} 'prepare' '()V' in 'java/lang/invoke/LambdaForm')}
  0x000002a2527471a0: 4c8b c248 | be68 ad16 | 69a2 0200 | 0048 8386 | b803 0000 | 0141 b806 | 0000 000f 

  0x000002a2527471bc: ;   {optimized virtual_call}
  0x000002a2527471bc: 1f40 00e8 

  0x000002a2527471c0: ; ImmutableOopMap {[56]=Oop }
                      ;*invokevirtual setCachedLambdaForm {reexecute=0 rethrow=0 return_oop=0}
                      ; - java.lang.invoke.LambdaForm::prepare@95
  0x000002a2527471c0: bc75 4907 

  0x000002a2527471c4: ;   {other}
  0x000002a2527471c4: 0f1f 8400 | b407 0005 | 488b d048 | 8b74 2438 

  0x000002a2527471d4: ; implicit exception: dispatches to 0x000002a2527472b5
  0x000002a2527471d4: 8b7a 284c | 8bd7 4489 | 5628 488d | 3648 c1ee | 0948 bf00 | 00a0 4ea2 | 0200 00c6 | 043e 0048 
  0x000002a2527471f4: 83c4 605d 

  0x000002a2527471f8: ;   {poll_return}
  0x000002a2527471f8: 493b a750 | 0400 000f | 87b5 0000 | 00c3 4883 

  0x000002a252747208: ;   {poll_return}
  0x000002a252747208: c460 5d49 | 3ba7 5004 | 0000 0f87 | b800 0000 

  0x000002a252747218: ;   {metadata({method} {0x000002a20008e998} 'prepare' '()V' in 'java/lang/invoke/LambdaForm')}
  0x000002a252747218: c349 ba90 | e908 00a2 | 0200 004c | 8954 2408 | 48c7 0424 | ffff ffff 

  0x000002a252747230: ;   {runtime_call counter_overflow Runtime1 stub}
  0x000002a252747230: e8cb d154 

  0x000002a252747234: ; ImmutableOopMap {rdx=Oop [56]=Oop }
                      ;*synchronization entry
                      ; - java.lang.invoke.LambdaForm::prepare@-1
  0x000002a252747234: 07e9 8dfa 

  0x000002a252747238: ;   {metadata({method} {0x000002a2003f8410} 'forceInterpretation' '()Z' in 'java/lang/invoke/LambdaForm')}
  0x000002a252747238: ffff 49ba | 0884 3f00 | a202 0000 | 4c89 5424 | 0848 c704 | 24ff ffff 

  0x000002a252747250: ;   {runtime_call counter_overflow Runtime1 stub}
  0x000002a252747250: ffe8 aad1 

  0x000002a252747254: ; ImmutableOopMap {rdx=Oop [56]=Oop }
                      ;*synchronization entry
                      ; - java.lang.invoke.LambdaForm::forceInterpretation@-1
                      ; - java.lang.invoke.LambdaForm::prepare@7
  0x000002a252747254: 5407 e9b8 

  0x000002a252747258: ;   {runtime_call throw_null_pointer_exception Runtime1 stub}
  0x000002a252747258: faff ffe8 

  0x000002a25274725c: ; ImmutableOopMap {rax=Oop [56]=Oop [64]=Oop }
                      ;*invokevirtual form {reexecute=0 rethrow=0 return_oop=0}
                      ; - java.lang.invoke.LambdaForm::prepare@38
  0x000002a25274725c: a06e 5407 

  0x000002a252747260: ;   {runtime_call throw_null_pointer_exception Runtime1 stub}
  0x000002a252747260: e89b 6e54 

  0x000002a252747264: ; ImmutableOopMap {rax=Oop rdx=Oop [56]=Oop [64]=Oop }
                      ;*invokevirtual cachedLambdaForm {reexecute=0 rethrow=0 return_oop=0}
                      ; - java.lang.invoke.LambdaForm::prepare@43
                      ;   {metadata({method} {0x000002a2003f72e0} 'cachedLambdaForm' '(I)Ljava/lang/invoke/LambdaForm;' in 'java/lang/invoke/MethodTypeForm')}
  0x000002a252747264: 0749 bad8 | 723f 00a2 | 0200 004c | 8954 2408 | 48c7 0424 | ffff ffff 

  0x000002a25274727c: ;   {runtime_call counter_overflow Runtime1 stub}
  0x000002a25274727c: e87f d154 

  0x000002a252747280: ; ImmutableOopMap {rax=Oop rdx=Oop [56]=Oop [64]=Oop }
                      ;*synchronization entry
                      ; - java.lang.invoke.MethodTypeForm::cachedLambdaForm@-1
                      ; - java.lang.invoke.LambdaForm::prepare@43
  0x000002a252747280: 07e9 4dfc 

  0x000002a252747284: ;   {runtime_call throw_null_pointer_exception Runtime1 stub}
  0x000002a252747284: ffff e875 

  0x000002a252747288: ; ImmutableOopMap {rax=Oop rdx=Oop [56]=Oop [64]=Oop }
                      ;*aaload {reexecute=0 rethrow=0 return_oop=0}
                      ; - java.lang.invoke.MethodTypeForm::cachedLambdaForm@5
                      ; - java.lang.invoke.LambdaForm::prepare@43
  0x000002a252747288: 6e54 0748 | c704 2406 | 0000 0048 | 8954 2408 

  0x000002a252747298: ;   {runtime_call throw_range_check_failed Runtime1 stub}
  0x000002a252747298: e863 6254 

  0x000002a25274729c: ; ImmutableOopMap {rax=Oop rdx=Oop [56]=Oop [64]=Oop }
                      ;*aaload {reexecute=0 rethrow=0 return_oop=0}
                      ; - java.lang.invoke.MethodTypeForm::cachedLambdaForm@5
                      ; - java.lang.invoke.LambdaForm::prepare@43
                      ;   {runtime_call throw_null_pointer_exception Runtime1 stub}
  0x000002a25274729c: 07e8 5e6e 

  0x000002a2527472a0: ; ImmutableOopMap {rdx=Oop [56]=Oop [64]=Oop }
                      ;*invokevirtual get {reexecute=0 rethrow=0 return_oop=0}
                      ; - java.lang.invoke.MethodTypeForm::cachedLambdaForm@12
                      ; - java.lang.invoke.LambdaForm::prepare@43
  0x000002a2527472a0: 5407 4889 

  0x000002a2527472a4: ;   {runtime_call throw_class_cast_exception Runtime1 stub}
  0x000002a2527472a4: 0424 e855 

  0x000002a2527472a8: ; ImmutableOopMap {[56]=Oop [64]=Oop }
                      ;*checkcast {reexecute=0 rethrow=0 return_oop=0}
                      ; - java.lang.invoke.MethodTypeForm::cachedLambdaForm@15
                      ; - java.lang.invoke.LambdaForm::prepare@43
                      ;   {runtime_call throw_null_pointer_exception Runtime1 stub}
  0x000002a2527472a8: a154 07e8 

  0x000002a2527472ac: ; ImmutableOopMap {r9=Oop [56]=Oop [64]=Oop }
                      ;*putfield vmentry {reexecute=1 rethrow=0 return_oop=0}
                      ; - (reexecute) java.lang.invoke.LambdaForm::prepare@85
  0x000002a2527472ac: 506e 5407 

  0x000002a2527472b0: ;   {runtime_call throw_null_pointer_exception Runtime1 stub}
  0x000002a2527472b0: e84b 6e54 

  0x000002a2527472b4: ; ImmutableOopMap {r9=Oop rdx=Oop [56]=Oop }
                      ;*invokevirtual setCachedLambdaForm {reexecute=0 rethrow=0 return_oop=0}
                      ; - java.lang.invoke.LambdaForm::prepare@95
                      ;   {runtime_call throw_null_pointer_exception Runtime1 stub}
  0x000002a2527472b4: 07e8 466e 

  0x000002a2527472b8: ; ImmutableOopMap {rsi=Oop [56]=Oop }
                      ;*getfield vmentry {reexecute=1 rethrow=0 return_oop=0}
                      ; - (reexecute) java.lang.invoke.LambdaForm::prepare@101
                      ;   {internal_word}
  0x000002a2527472b8: 5407 49ba | f871 7452 | a202 0000 | 4d89 9768 

  0x000002a2527472c8: ;   {runtime_call SafepointBlob}
  0x000002a2527472c8: 0400 00e9 | 30d8 4907 

  0x000002a2527472d0: ;   {internal_word}
  0x000002a2527472d0: 49ba 0b72 | 7452 a202 | 0000 4d89 | 9768 0400 

  0x000002a2527472e0: ;   {runtime_call SafepointBlob}
  0x000002a2527472e0: 00e9 1ad8 | 4907 498b | 8700 0500 | 0049 c787 | 0005 0000 | 0000 0000 | 49c7 8708 | 0500 0000 
  0x000002a252747300: 0000 0048 | 83c4 605d 

  0x000002a252747308: ;   {runtime_call unwind_exception Runtime1 stub}
  0x000002a252747308: e9f3 5554 | 07f4 f4f4 
[Stub Code]
  0x000002a252747310: ;   {no_reloc}
  0x000002a252747310: 0f1f 4400 

  0x000002a252747314: ;   {static_stub}
  0x000002a252747314: 0048 bbe0 | e808 00a2 

  0x000002a25274731c: ;   {runtime_call I2C/C2I adapters}
  0x000002a25274731c: 0200 00e9 | bf68 4907 

  0x000002a252747324: ;   {static_stub}
  0x000002a252747324: 9048 bb00 | 0000 0000 

  0x000002a25274732c: ;   {runtime_call nmethod}
  0x000002a25274732c: 0000 00e9 | fbff ffff 

  0x000002a252747334: ;   {static_stub}
  0x000002a252747334: 9048 bb00 | 0000 0000 

  0x000002a25274733c: ;   {runtime_call nmethod}
  0x000002a25274733c: 0000 00e9 | fbff ffff 

  0x000002a252747344: ;   {static_stub}
  0x000002a252747344: 48bb 0000 | 0000 0000 

  0x000002a25274734c: ;   {runtime_call nmethod}
  0x000002a25274734c: 0000 e9fb 

  0x000002a252747350: ;   {static_stub}
  0x000002a252747350: ffff ff48 | bb00 0000 | 0000 0000 

  0x000002a25274735c: ;   {runtime_call nmethod}
  0x000002a25274735c: 00e9 fbff 

  0x000002a252747360: ;   {static_stub}
  0x000002a252747360: ffff 48bb | 0000 0000 | 0000 0000 

  0x000002a25274736c: ;   {runtime_call nmethod}
  0x000002a25274736c: e9fb ffff 

  0x000002a252747370: ;   {runtime_call handle_exception_from_callee Runtime1 stub}
  0x000002a252747370: ffe8 8a9a 

  0x000002a252747374: ;   {external_word}
  0x000002a252747374: 5407 48b9 | 5063 3901 | fa7f 0000 | 4883 e4f0 

  0x000002a252747384: ;   {runtime_call}
  0x000002a252747384: 48b8 c0c9 | fb00 fa7f | 0000 ffd0 

  0x000002a252747390: ;   {section_word}
  0x000002a252747390: f449 ba91 | 7374 52a2 | 0200 0041 

  0x000002a25274739c: ;   {runtime_call DeoptimizationBlob}
  0x000002a25274739c: 52e9 fec9 | 4907 f4f4 | f4f4 f4f4 
[/MachCode]


Compiled method (c1) 3265  622       3       java.lang.invoke.MethodHandle::<init> (37 bytes)
 total in heap  [0x000002a252745c90,0x000002a2527465b0] = 2336
 relocation     [0x000002a252745df0,0x000002a252745e90] = 160
 main code      [0x000002a252745ea0,0x000002a252746330] = 1168
 stub code      [0x000002a252746330,0x000002a252746398] = 104
 metadata       [0x000002a252746398,0x000002a2527463d0] = 56
 scopes data    [0x000002a2527463d0,0x000002a252746480] = 176
 scopes pcs     [0x000002a252746480,0x000002a252746580] = 256
 dependencies   [0x000002a252746580,0x000002a252746598] = 24
 nul chk table  [0x000002a252746598,0x000002a2527465b0] = 24

[Constant Pool (empty)]

[MachCode]
[Entry Point]
  # {method} {0x000002a200408008} '<init>' '(Ljava/lang/invoke/MethodType;Ljava/lang/invoke/LambdaForm;)V' in 'java/lang/invoke/MethodHandle'
  # this:     rdx:rdx   = 'java/lang/invoke/MethodHandle'
  # parm0:    r8:r8     = 'java/lang/invoke/MethodType'
  # parm1:    r9:r9     = 'java/lang/invoke/LambdaForm'
  #           [sp+0x70]  (sp of caller)
  0x000002a252745ea0: 448b 5208 | 49bb 0000 | 0000 a202 | 0000 4d03 | d34c 3bd0 

  0x000002a252745eb4: ;   {runtime_call ic_miss_stub}
  0x000002a252745eb4: 0f85 c685 | 4907 660f | 1f44 0000 
[Verified Entry Point]
  0x000002a252745ec0: 8984 2400 | 80ff ff55 | 4883 ec60 | 4181 7f20 | 0100 0000 

  0x000002a252745ed4: ;   {runtime_call StubRoutines (final stubs)}
  0x000002a252745ed4: 7405 e805 | 2b48 0748 | 8954 2430 

  0x000002a252745ee0: ;   {metadata(method data for {method} {0x000002a200408008} '<init>' '(Ljava/lang/invoke/MethodType;Ljava/lang/invoke/LambdaForm;)V' in 'java/lang/invoke/MethodHandle')}
  0x000002a252745ee0: 48be 88a8 | 1669 a202 | 0000 8bbe | cc00 0000 | 83c7 0289 | becc 0000 | 0081 e7fe | 0700 0085 
  0x000002a252745f00: ff0f 840f | 0300 0048 

  0x000002a252745f08: ;   {metadata(method data for {method} {0x000002a200408008} '<init>' '(Ljava/lang/invoke/MethodType;Ljava/lang/invoke/LambdaForm;)V' in 'java/lang/invoke/MethodHandle')}
  0x000002a252745f08: 8bf2 48bf | 88a8 1669 | a202 0000 | 4883 8710 | 0100 0001 

  0x000002a252745f1c: ;   {metadata(method data for {method} {0x000002a200474aa8} '<init>' '()V' in 'java/lang/Object')}
  0x000002a252745f1c: 48be 9067 | 0069 a202 | 0000 8bbe | cc00 0000 | 83c7 0289 | becc 0000 | 0081 e7fe | ff1f 0085 
  0x000002a252745f3c: ff0f 84f4 

  0x000002a252745f40: ;   {metadata(method data for {method} {0x000002a200408008} '<init>' '(Ljava/lang/invoke/MethodType;Ljava/lang/invoke/LambdaForm;)V' in 'java/lang/invoke/MethodHandle')}
  0x000002a252745f40: 0200 0048 | be88 a816 | 69a2 0200 | 0048 8386 | 2001 0000 

  0x000002a252745f54: ;   {metadata(method data for {method} {0x000002a200055658} 'requireNonNull' '(Ljava/lang/Object;)Ljava/lang/Object;' in 'java/util/Objects')}
  0x000002a252745f54: 0148 be90 | ea00 69a2 | 0200 008b | becc 0000 | 0083 c702 | 89be cc00 | 0000 81e7 | feff 1f00 
  0x000002a252745f74: 85ff 0f84 | dc02 0000 

  0x000002a252745f7c: ;   {metadata(method data for {method} {0x000002a200055658} 'requireNonNull' '(Ljava/lang/Object;)Ljava/lang/Object;' in 'java/util/Objects')}
  0x000002a252745f7c: 4d85 c048 | be90 ea00 | 69a2 0200 | 0048 c7c7 | 2001 0000 | 7407 48c7 | c710 0100 | 0048 8b1c 
  0x000002a252745f9c: 3e48 8d5b | 0148 891c | 3e0f 84cb | 0100 004d | 8bd0 4489 | 5210 488d | 3248 c1ee | 0948 bf00 
  0x000002a252745fbc: 00a0 4ea2 | 0200 00c6 

  0x000002a252745fc4: ;   {metadata(method data for {method} {0x000002a200408008} '<init>' '(Ljava/lang/invoke/MethodType;Ljava/lang/invoke/LambdaForm;)V' in 'java/lang/invoke/MethodHandle')}
  0x000002a252745fc4: 043e 0048 | be88 a816 | 69a2 0200 | 0048 8386 | 6801 0000 

  0x000002a252745fd8: ;   {metadata(method data for {method} {0x000002a200055658} 'requireNonNull' '(Ljava/lang/Object;)Ljava/lang/Object;' in 'java/util/Objects')}
  0x000002a252745fd8: 0148 be90 | ea00 69a2 | 0200 008b | becc 0000 | 0083 c702 | 89be cc00 | 0000 81e7 | feff 1f00 
  0x000002a252745ff8: 85ff 0f84 | 7902 0000 

  0x000002a252746000: ;   {metadata(method data for {method} {0x000002a200055658} 'requireNonNull' '(Ljava/lang/Object;)Ljava/lang/Object;' in 'java/util/Objects')}
  0x000002a252746000: 4d85 c948 | be90 ea00 | 69a2 0200 | 0048 c7c7 | 2001 0000 | 7407 48c7 | c710 0100 | 0048 8b1c 
  0x000002a252746020: 3e48 8d5b | 0148 891c | 3e0f 84b0 | 0000 0049 | 3b01 498b 

  0x000002a252746034: ;   {metadata(method data for {method} {0x000002a200408008} '<init>' '(Ljava/lang/invoke/MethodType;Ljava/lang/invoke/LambdaForm;)V' in 'java/lang/invoke/MethodHandle')}
  0x000002a252746034: f148 bf88 | a816 69a2 

  0x000002a25274603c: ;   {metadata('java/lang/invoke/LambdaForm')}
  0x000002a25274603c: 0200 0049 | bae0 e208 | 00a2 0200 | 004c 8997 | c001 0000 | 4883 87c8 | 0100 0001 | 498b d10f 
  0x000002a25274605c: ;   {optimized virtual_call}
  0x000002a25274605c: 1f40 00e8 

  0x000002a252746060: ; ImmutableOopMap {[48]=Oop }
                      ;*invokevirtual uncustomize {reexecute=0 rethrow=0 return_oop=0}
                      ; - java.lang.invoke.MethodHandle::<init>@23
  0x000002a252746060: 9c15 0400 

  0x000002a252746064: ;   {other}
  0x000002a252746064: 0f1f 8400 | d403 0000 | 488b 5424 | 304c 8bd0 | 4489 5214 | 488d 1248 | c1ea 0948 | be00 00a0 
  0x000002a252746084: 4ea2 0200 | 00c6 0432 | 0048 3b00 

  0x000002a252746090: ;   {metadata(method data for {method} {0x000002a200408008} '<init>' '(Ljava/lang/invoke/MethodType;Ljava/lang/invoke/LambdaForm;)V' in 'java/lang/invoke/MethodHandle')}
  0x000002a252746090: 488b d048 | be88 a816 | 69a2 0200 

  0x000002a25274609c: ;   {metadata('java/lang/invoke/LambdaForm')}
  0x000002a25274609c: 0049 bae0 | e208 00a2 | 0200 004c | 8996 f801 | 0000 4883 | 8600 0200 | 0001 488b | d066 0f1f 
  0x000002a2527460bc: ;   {optimized virtual_call}
  0x000002a2527460bc: 4400 00e8 

  0x000002a2527460c0: ; ImmutableOopMap {}
                      ;*invokevirtual prepare {reexecute=0 rethrow=0 return_oop=0}
                      ; - java.lang.invoke.MethodHandle::<init>@33
  0x000002a2527460c0: bc0b 0000 

  0x000002a2527460c4: ;   {other}
  0x000002a2527460c4: 0f1f 8400 | 3404 0001 | 4883 c460 

  0x000002a2527460d0: ;   {poll_return}
  0x000002a2527460d0: 5d49 3ba7 | 5004 0000 | 0f87 c601 | 0000 c390 

  0x000002a2527460e0: ;   {no_reloc}
  0x000002a2527460e0: e9e4 0100 | 0000 0000 | 0000 498b | 87b8 0100 | 0048 8d78 | 3049 3bbf | c801 0000 | 0f87 d101 
  0x000002a252746100: 0000 4989 | bfb8 0100 | 0048 c700 | 0100 0000 | 488b ca49 | ba00 0000 | 00a2 0200 | 0049 2bca 
  0x000002a252746120: 8948 0848 | 33c9 8948 | 0c48 33c9 | 4889 4810 | 4889 4818 | 4889 4820 | 4889 4828 

  0x000002a25274613c: ;   {metadata(method data for {method} {0x000002a200055658} 'requireNonNull' '(Ljava/lang/Object;)Ljava/lang/Object;' in 'java/util/Objects')}
  0x000002a25274613c: 488b d048 | be90 ea00 | 69a2 0200 | 0048 8386 | 3001 0000 | 0148 8bd0 | 4889 4424 | 3866 0f1f 
  0x000002a25274615c: ;   {optimized virtual_call}
  0x000002a25274615c: 4400 00e8 

  0x000002a252746160: ; ImmutableOopMap {[48]=Oop [56]=Oop }
                      ;*invokespecial <init> {reexecute=0 rethrow=0 return_oop=0}
                      ; - java.util.Objects::requireNonNull@8
                      ; - java.lang.invoke.MethodHandle::<init>@17
  0x000002a252746160: 1c86 4907 

  0x000002a252746164: ;   {other}
  0x000002a252746164: 0f1f 8400 | d404 0002 | 488b 4424 | 38e9 ad01 | 0000 4c89 | 4c24 480f | 1f44 0000 

  0x000002a252746180: ;   {no_reloc}
  0x000002a252746180: e96a 0100 | 0000 0000 | 0000 498b | 87b8 0100 | 0048 8d78 | 3049 3bbf | c801 0000 | 0f87 5701 
  0x000002a2527461a0: 0000 4989 | bfb8 0100 | 0048 c700 | 0100 0000 | 488b ca49 | ba00 0000 | 00a2 0200 | 0049 2bca 
  0x000002a2527461c0: 8948 0848 | 33c9 8948 | 0c48 33c9 | 4889 4810 | 4889 4818 | 4889 4820 | 4889 4828 

  0x000002a2527461dc: ;   {metadata(method data for {method} {0x000002a200055658} 'requireNonNull' '(Ljava/lang/Object;)Ljava/lang/Object;' in 'java/util/Objects')}
  0x000002a2527461dc: 488b d048 | be90 ea00 | 69a2 0200 | 0048 8386 | 3001 0000 | 0148 8bd0 | 4889 4424 | 4066 0f1f 
  0x000002a2527461fc: ;   {optimized virtual_call}
  0x000002a2527461fc: 4400 00e8 

  0x000002a252746200: ; ImmutableOopMap {[48]=Oop [64]=Oop [72]=Oop }
                      ;*invokespecial <init> {reexecute=0 rethrow=0 return_oop=0}
                      ; - java.util.Objects::requireNonNull@8
                      ; - java.lang.invoke.MethodHandle::<init>@6
  0x000002a252746200: 7c85 4907 

  0x000002a252746204: ;   {other}
  0x000002a252746204: 0f1f 8400 | 7405 0003 | 488b 4424 | 40e9 0d01 

  0x000002a252746214: ;   {metadata({method} {0x000002a200408008} '<init>' '(Ljava/lang/invoke/MethodType;Ljava/lang/invoke/LambdaForm;)V' in 'java/lang/invoke/MethodHandle')}
  0x000002a252746214: 0000 49ba | 0080 4000 | a202 0000 | 4c89 5424 | 0848 c704 | 24ff ffff 

  0x000002a25274622c: ;   {runtime_call counter_overflow Runtime1 stub}
  0x000002a25274622c: ffe8 cee1 

  0x000002a252746230: ; ImmutableOopMap {rdx=Oop r8=Oop r9=Oop [48]=Oop }
                      ;*synchronization entry
                      ; - java.lang.invoke.MethodHandle::<init>@-1
  0x000002a252746230: 5407 e9d0 

  0x000002a252746234: ;   {metadata({method} {0x000002a200474aa8} '<init>' '()V' in 'java/lang/Object')}
  0x000002a252746234: fcff ff49 | baa0 4a47 | 00a2 0200 | 004c 8954 | 2408 48c7 | 0424 ffff 

  0x000002a25274624c: ;   {runtime_call counter_overflow Runtime1 stub}
  0x000002a25274624c: ffff e8ad 

  0x000002a252746250: ; ImmutableOopMap {rdx=Oop r8=Oop r9=Oop [48]=Oop }
                      ;*synchronization entry
                      ; - java.lang.Object::<init>@-1
                      ; - java.lang.invoke.MethodHandle::<init>@1
  0x000002a252746250: e154 07e9 | ebfc ffff 

  0x000002a252746258: ;   {metadata({method} {0x000002a200055658} 'requireNonNull' '(Ljava/lang/Object;)Ljava/lang/Object;' in 'java/util/Objects')}
  0x000002a252746258: 49ba 5056 | 0500 a202 | 0000 4c89 | 5424 0848 | c704 24ff 

  0x000002a25274626c: ;   {runtime_call counter_overflow Runtime1 stub}
  0x000002a25274626c: ffff ffe8 

  0x000002a252746270: ; ImmutableOopMap {rdx=Oop r8=Oop r9=Oop [48]=Oop }
                      ;*synchronization entry
                      ; - java.util.Objects::requireNonNull@-1
                      ; - java.lang.invoke.MethodHandle::<init>@6
  0x000002a252746270: 8ce1 5407 | e903 fdff 

  0x000002a252746278: ;   {metadata({method} {0x000002a200055658} 'requireNonNull' '(Ljava/lang/Object;)Ljava/lang/Object;' in 'java/util/Objects')}
  0x000002a252746278: ff49 ba50 | 5605 00a2 | 0200 004c | 8954 2408 | 48c7 0424 | ffff ffff 

  0x000002a252746290: ;   {runtime_call counter_overflow Runtime1 stub}
  0x000002a252746290: e86b e154 

  0x000002a252746294: ; ImmutableOopMap {rdx=Oop r9=Oop [48]=Oop }
                      ;*synchronization entry
                      ; - java.util.Objects::requireNonNull@-1
                      ; - java.lang.invoke.MethodHandle::<init>@17
  0x000002a252746294: 07e9 66fd 

  0x000002a252746298: ;   {runtime_call throw_null_pointer_exception Runtime1 stub}
  0x000002a252746298: ffff e861 

  0x000002a25274629c: ; ImmutableOopMap {r9=Oop [48]=Oop }
                      ;*invokevirtual uncustomize {reexecute=0 rethrow=0 return_oop=0}
                      ; - java.lang.invoke.MethodHandle::<init>@23
                      ;   {runtime_call throw_null_pointer_exception Runtime1 stub}
  0x000002a25274629c: 7e54 07e8 

  0x000002a2527462a0: ; ImmutableOopMap {rax=Oop }
                      ;*invokevirtual prepare {reexecute=0 rethrow=0 return_oop=0}
                      ; - java.lang.invoke.MethodHandle::<init>@33
  0x000002a2527462a0: 5c7e 5407 

  0x000002a2527462a4: ;   {internal_word}
  0x000002a2527462a4: 49ba d160 | 7452 a202 | 0000 4d89 | 9768 0400 

  0x000002a2527462b4: ;   {runtime_call SafepointBlob}
  0x000002a2527462b4: 00e9 46e8 

  0x000002a2527462b8: ;   {metadata(nullptr)}
  0x000002a2527462b8: 4907 48ba | 0000 0000 | 0000 0000 | b800 0f05 

  0x000002a2527462c8: ;   {runtime_call load_klass_patching Runtime1 stub}
  0x000002a2527462c8: 0ae8 b2d0 

  0x000002a2527462cc: ; ImmutableOopMap {[48]=Oop }
                      ;*new {reexecute=1 rethrow=0 return_oop=0}
                      ; - (reexecute) java.util.Objects::requireNonNull@4
                      ; - java.lang.invoke.MethodHandle::<init>@17
  0x000002a2527462cc: 5407 e90d | feff ff48 

  0x000002a2527462d4: ;   {runtime_call fast_new_instance Runtime1 stub}
  0x000002a2527462d4: 8bd2 e825 

  0x000002a2527462d8: ; ImmutableOopMap {[48]=Oop }
                      ;*new {reexecute=0 rethrow=0 return_oop=0}
                      ; - java.util.Objects::requireNonNull@4
                      ; - java.lang.invoke.MethodHandle::<init>@17
  0x000002a2527462d8: 8a54 07e9 | 5cfe ffff 

  0x000002a2527462e0: ;   {metadata(nullptr)}
  0x000002a2527462e0: 48ba 0000 | 0000 0000 | 0000 b800 

  0x000002a2527462ec: ;   {runtime_call load_klass_patching Runtime1 stub}
  0x000002a2527462ec: 0f05 0ae8 

  0x000002a2527462f0: ; ImmutableOopMap {[48]=Oop [72]=Oop }
                      ;*new {reexecute=1 rethrow=0 return_oop=0}
                      ; - (reexecute) java.util.Objects::requireNonNull@4
                      ; - java.lang.invoke.MethodHandle::<init>@6
  0x000002a2527462f0: 8cd0 5407 | e987 feff | ff48 8bd2 

  0x000002a2527462fc: ;   {runtime_call fast_new_instance Runtime1 stub}
  0x000002a2527462fc: e8ff 8954 

  0x000002a252746300: ; ImmutableOopMap {[48]=Oop [72]=Oop }
                      ;*new {reexecute=0 rethrow=0 return_oop=0}
                      ; - java.util.Objects::requireNonNull@4
                      ; - java.lang.invoke.MethodHandle::<init>@6
  0x000002a252746300: 07e9 d6fe | ffff 498b | 8700 0500 | 0049 c787 | 0005 0000 | 0000 0000 | 49c7 8708 | 0500 0000 
  0x000002a252746320: 0000 0048 | 83c4 605d 

  0x000002a252746328: ;   {runtime_call unwind_exception Runtime1 stub}
  0x000002a252746328: e9d3 6554 | 07f4 f4f4 
[Stub Code]
  0x000002a252746330: ;   {no_reloc}
  0x000002a252746330: 0f1f 4400 

  0x000002a252746334: ;   {static_stub}
  0x000002a252746334: 0048 bb38 | e908 00a2 

  0x000002a25274633c: ;   {runtime_call I2C/C2I adapters}
  0x000002a25274633c: 0200 00e9 | 9f78 4907 

  0x000002a252746344: ;   {static_stub}
  0x000002a252746344: 9048 bb00 | 0000 0000 

  0x000002a25274634c: ;   {runtime_call nmethod}
  0x000002a25274634c: 0000 00e9 | fbff ffff 

  0x000002a252746354: ;   {static_stub}
  0x000002a252746354: 48bb 0000 | 0000 0000 

  0x000002a25274635c: ;   {runtime_call nmethod}
  0x000002a25274635c: 0000 e9fb 

  0x000002a252746360: ;   {runtime_call handle_exception_from_callee Runtime1 stub}
  0x000002a252746360: ffff ffe8 | 98aa 5407 

  0x000002a252746368: ;   {external_word}
  0x000002a252746368: 48b9 5063 | 3901 fa7f | 0000 4883 

  0x000002a252746374: ;   {runtime_call}
  0x000002a252746374: e4f0 48b8 | c0c9 fb00 | fa7f 0000 

  0x000002a252746380: ;   {section_word}
  0x000002a252746380: ffd0 f449 | ba83 6374 | 52a2 0200 

  0x000002a25274638c: ;   {runtime_call DeoptimizationBlob}
  0x000002a25274638c: 0041 52e9 | 0cda 4907 | f4f4 f4f4 
[/MachCode]


---------------  P R O C E S S  ---------------

Threads class SMR info:
_java_thread_list=0x000002a2675b1410, length=11, elements={
0x000002a24f45d0f0, 0x000002a265f0c790, 0x000002a265f0e600, 0x000002a24f504aa0,
0x000002a24f507510, 0x000002a24f507f70, 0x000002a24f5089d0, 0x000002a24f5116e0,
0x000002a24f513710, 0x000002a2674869e0, 0x000002a2675be2f0
}

Java Threads: ( => current thread )
=>0x000002a24f45d0f0 JavaThread "main"                              [_thread_in_vm, id=51724, stack(0x000000e6c9800000,0x000000e6c9900000) (1024K)]
  0x000002a265f0c790 JavaThread "Reference Handler"          daemon [_thread_blocked, id=41816, stack(0x000000e6c9c00000,0x000000e6c9d00000) (1024K)]
  0x000002a265f0e600 JavaThread "Finalizer"                  daemon [_thread_blocked, id=52344, stack(0x000000e6c9d00000,0x000000e6c9e00000) (1024K)]
  0x000002a24f504aa0 JavaThread "Signal Dispatcher"          daemon [_thread_blocked, id=31724, stack(0x000000e6c9e00000,0x000000e6c9f00000) (1024K)]
  0x000002a24f507510 JavaThread "Attach Listener"            daemon [_thread_blocked, id=2112, stack(0x000000e6c9f00000,0x000000e6ca000000) (1024K)]
  0x000002a24f507f70 JavaThread "Service Thread"             daemon [_thread_blocked, id=29508, stack(0x000000e6ca000000,0x000000e6ca100000) (1024K)]
  0x000002a24f5089d0 JavaThread "Monitor Deflation Thread"   daemon [_thread_blocked, id=36680, stack(0x000000e6ca100000,0x000000e6ca200000) (1024K)]
  0x000002a24f5116e0 JavaThread "C2 CompilerThread0"         daemon [_thread_blocked, id=39044, stack(0x000000e6ca200000,0x000000e6ca300000) (1024K)]
  0x000002a24f513710 JavaThread "C1 CompilerThread0"         daemon [_thread_blocked, id=58624, stack(0x000000e6ca300000,0x000000e6ca400000) (1024K)]
  0x000002a2674869e0 JavaThread "Common-Cleaner"             daemon [_thread_blocked, id=29680, stack(0x000000e6ca400000,0x000000e6ca500000) (1024K)]
  0x000002a2675be2f0 JavaThread "Notification Thread"        daemon [_thread_blocked, id=50964, stack(0x000000e6ca500000,0x000000e6ca600000) (1024K)]
Total: 11

Other Threads:
  0x000002a24f4ff9b0 VMThread "VM Thread"                           [id=28920, stack(0x000000e6c9b00000,0x000000e6c9c00000) (1024K)]
  0x000002a265deca00 WatcherThread "VM Periodic Task Thread"        [id=60884, stack(0x000000e6c9a00000,0x000000e6c9b00000) (1024K)]
  0x000002a24f47b2d0 WorkerThread "GC Thread#0"                     [id=40360, stack(0x000000e6c9900000,0x000000e6c9a00000) (1024K)]
Total: 3

Threads with active compile tasks:
Total: 0

VM state: not at safepoint (normal execution)

VM Mutex/Monitor currently owned by a thread:  ([mutex/lock_event])
[0x00007ffa0164d530] Metaspace_lock - owner thread: 0x000002a24f45d0f0

Heap address: 0x0000000080000000, size: 2048 MB, Compressed Oops mode: 32-bit

CDS archive(s) mapped at: [0x000002a200000000-0x000002a200ba0000-0x000002a200ba0000), size 12189696, SharedBaseAddress: 0x000002a200000000, ArchiveRelocationMode: 1.
Compressed class space mapped at: 0x000002a201000000-0x000002a241000000, reserved size: 1073741824
Narrow klass base: 0x000002a200000000, Narrow klass shift: 0, Narrow klass range: 0x100000000

GC Precious Log:
 CardTable entry size: 512
 CPUs: 12 total, 12 available
 Memory: 5981M
 Large Page Support: Disabled
 NUMA Support: Disabled
 Compressed Oops: Enabled (32-bit)
 Alignments: Space 512K, Generation 512K, Heap 2M
 Heap Min Capacity: 100M
 Heap Initial Capacity: 100M
 Heap Max Capacity: 2G
 Pre-touch: Disabled
 Parallel Workers: 10

Heap:
 PSYoungGen      total 29696K, used 17136K [0x00000000d5580000, 0x00000000d7680000, 0x0000000100000000)
  eden space 25600K, 66% used [0x00000000d5580000,0x00000000d663c258,0x00000000d6e80000)
  from space 4096K, 0% used [0x00000000d7280000,0x00000000d7280000,0x00000000d7680000)
  to   space 4096K, 0% used [0x00000000d6e80000,0x00000000d6e80000,0x00000000d7280000)
 ParOldGen       total 68608K, used 0K [0x0000000080000000, 0x0000000084300000, 0x00000000d5580000)
  object space 68608K, 0% used [0x0000000080000000,0x0000000080000000,0x0000000084300000)
 Metaspace       used 3329K, committed 3584K, reserved 1114112K
  class space    used 355K, committed 512K, reserved 1048576K

Card table byte_map: [0x000002a24ee00000,0x000002a24f210000] _byte_map_base: 0x000002a24ea00000

Marking Bits: (ParMarkBitMap*) 0x00007ffa016544a0
 Begin Bits: [0x000002a261910000, 0x000002a263910000)
 End Bits:   [0x000002a263910000, 0x000002a265910000)

Polling page: 0x000002a24d640000

Metaspace:

Usage:
  Non-class:      2.90 MB used.
      Class:    355.45 KB used.
       Both:      3.25 MB used.

Virtual space:
  Non-class space:       64.00 MB reserved,       3.00 MB (  5%) committed,  1 nodes.
      Class space:        1.00 GB reserved,     512.00 KB ( <1%) committed,  1 nodes.
             Both:        1.06 GB reserved,       3.50 MB ( <1%) committed. 

Chunk freelists:
   Non-Class:  11.50 MB
       Class:  15.50 MB
        Both:  27.00 MB

MaxMetaspaceSize: unlimited
CompressedClassSpaceSize: 1.00 GB
Initial GC threshold: 21.00 MB
Current GC threshold: 21.00 MB
CDS: on
 - commit_granule_bytes: 65536.
 - commit_granule_words: 8192.
 - virtual_space_node_default_size: 8388608.
 - enlarge_chunks_in_place: 1.
 - use_allocation_guard: 0.


Internal statistics:

num_allocs_failed_limit: 0.
num_arena_births: 152.
num_arena_deaths: 0.
num_vsnodes_births: 2.
num_vsnodes_deaths: 0.
num_space_committed: 56.
num_space_uncommitted: 0.
num_chunks_returned_to_freelist: 0.
num_chunks_taken_from_freelist: 191.
num_chunk_merges: 0.
num_chunk_splits: 125.
num_chunks_enlarged: 67.
num_inconsistent_stats: 0.

CodeHeap 'non-profiled nmethods': size=120000Kb used=348Kb max_used=348Kb free=119651Kb
 bounds [0x000002a25a130000, 0x000002a25a3a0000, 0x000002a261660000]
CodeHeap 'profiled nmethods': size=120000Kb used=1353Kb max_used=1353Kb free=118646Kb
 bounds [0x000002a252660000, 0x000002a2528d0000, 0x000002a259b90000]
CodeHeap 'non-nmethods': size=5760Kb used=1186Kb max_used=1205Kb free=4573Kb
 bounds [0x000002a259b90000, 0x000002a259e00000, 0x000002a25a130000]
CodeCache: size=245760Kb, used=2887Kb, max_used=2906Kb, free=242870Kb
 total_blobs=1322, nmethods=875, adapters=354, full_count=0
Compilation: enabled, stopped_count=0, restarted_count=0

Compilation events (20 events):
Event: 2.732 Thread 0x000002a24f513710 nmethod 862 0x000002a2527ab110 code [0x000002a2527ab4c0, 0x000002a2527ac840]
Event: 2.732 Thread 0x000002a24f513710  866       3       java.lang.invoke.LambdaForm$Name::replaceNames (175 bytes)
Event: 2.733 Thread 0x000002a24f513710 nmethod 866 0x000002a2527acd90 code [0x000002a2527acfe0, 0x000002a2527adb30]
Event: 2.733 Thread 0x000002a24f513710  863       3       java.util.ImmutableCollections$ListN::size (6 bytes)
Event: 2.733 Thread 0x000002a24f513710 nmethod 863 0x000002a2527ade90 code [0x000002a2527ae020, 0x000002a2527ae138]
Event: 2.733 Thread 0x000002a24f513710  867       3       jdk.internal.org.objectweb.asm.SymbolTable$Entry::<init> (20 bytes)
Event: 2.733 Thread 0x000002a24f513710 nmethod 867 0x000002a2527ae210 code [0x000002a2527ae3c0, 0x000002a2527ae518]
Event: 2.734 Thread 0x000002a24f513710  868       3       java.lang.invoke.InvokerBytecodeGenerator::emitStoreInsn (21 bytes)
Event: 2.734 Thread 0x000002a24f513710 nmethod 868 0x000002a2527ae610 code [0x000002a2527ae7e0, 0x000002a2527aea38]
Event: 2.734 Thread 0x000002a24f513710  870       3       jdk.internal.org.objectweb.asm.Frame::pop (53 bytes)
Event: 2.735 Thread 0x000002a24f513710 nmethod 870 0x000002a2527aeb90 code [0x000002a2527aede0, 0x000002a2527af538]
Event: 2.735 Thread 0x000002a24f513710  869       3       java.lang.invoke.InvokerBytecodeGenerator::storeInsnOpcode (98 bytes)
Event: 2.736 Thread 0x000002a24f513710 nmethod 869 0x000002a2527af890 code [0x000002a2527afb00, 0x000002a2527b0448]
Event: 2.736 Thread 0x000002a24f513710  871       1       java.lang.String::value (5 bytes)
Event: 2.736 Thread 0x000002a24f513710 nmethod 871 0x000002a25a186110 code [0x000002a25a1862a0, 0x000002a25a186368]
Event: 2.788 Thread 0x000002a24f5116e0  872       4       java.lang.AbstractStringBuilder::append (77 bytes)
Event: 2.792 Thread 0x000002a24f513710  874       3       java.lang.Class::getComponentType (14 bytes)
Event: 2.792 Thread 0x000002a24f513710 nmethod 874 0x000002a2527b0790 code [0x000002a2527b0940, 0x000002a2527b0af0]
Event: 2.795 Thread 0x000002a24f513710  875       3       jdk.internal.org.objectweb.asm.Type::getTypeInternal (218 bytes)
Event: 2.796 Thread 0x000002a24f5116e0 nmethod 872 0x000002a25a186410 code [0x000002a25a1865e0, 0x000002a25a186b60]

GC Heap History (0 events):
No events

Dll operation events (16 events):
Event: 0.044 Attempting to load shared library c:\Users\LENOVO\.vscode\extensions\redhat.java-1.56.0-win32-x64\jre\21.0.12.1-win32-x86_64\bin\java.dll
Event: 0.044 Loaded shared library c:\Users\LENOVO\.vscode\extensions\redhat.java-1.56.0-win32-x64\jre\21.0.12.1-win32-x86_64\bin\java.dll
Event: 0.322 Attempting to load shared library c:\Users\LENOVO\.vscode\extensions\redhat.java-1.56.0-win32-x64\jre\21.0.12.1-win32-x86_64\bin\zip.dll
Event: 0.325 Loaded shared library c:\Users\LENOVO\.vscode\extensions\redhat.java-1.56.0-win32-x64\jre\21.0.12.1-win32-x86_64\bin\zip.dll
Event: 0.418 Attempting to load shared library C:\Users\LENOVO\.vscode\extensions\redhat.java-1.56.0-win32-x64\jre\21.0.12.1-win32-x86_64\bin\instrument.dll
Event: 0.418 Loaded shared library C:\Users\LENOVO\.vscode\extensions\redhat.java-1.56.0-win32-x64\jre\21.0.12.1-win32-x86_64\bin\instrument.dll
Event: 0.450 Attempting to load shared library C:\Users\LENOVO\.vscode\extensions\redhat.java-1.56.0-win32-x64\jre\21.0.12.1-win32-x86_64\bin\net.dll
Event: 0.463 Loaded shared library C:\Users\LENOVO\.vscode\extensions\redhat.java-1.56.0-win32-x64\jre\21.0.12.1-win32-x86_64\bin\net.dll
Event: 0.483 Attempting to load shared library C:\Users\LENOVO\.vscode\extensions\redhat.java-1.56.0-win32-x64\jre\21.0.12.1-win32-x86_64\bin\nio.dll
Event: 0.488 Loaded shared library C:\Users\LENOVO\.vscode\extensions\redhat.java-1.56.0-win32-x64\jre\21.0.12.1-win32-x86_64\bin\nio.dll
Event: 0.526 Attempting to load shared library C:\Users\LENOVO\.vscode\extensions\redhat.java-1.56.0-win32-x64\jre\21.0.12.1-win32-x86_64\bin\zip.dll
Event: 0.526 Loaded shared library C:\Users\LENOVO\.vscode\extensions\redhat.java-1.56.0-win32-x64\jre\21.0.12.1-win32-x86_64\bin\zip.dll
Event: 0.597 Attempting to load shared library C:\Users\LENOVO\.vscode\extensions\redhat.java-1.56.0-win32-x64\jre\21.0.12.1-win32-x86_64\bin\jimage.dll
Event: 0.597 Loaded shared library C:\Users\LENOVO\.vscode\extensions\redhat.java-1.56.0-win32-x64\jre\21.0.12.1-win32-x86_64\bin\jimage.dll
Event: 1.036 Attempting to load shared library c:\Users\LENOVO\.vscode\extensions\redhat.java-1.56.0-win32-x64\jre\21.0.12.1-win32-x86_64\bin\verify.dll
Event: 1.039 Loaded shared library c:\Users\LENOVO\.vscode\extensions\redhat.java-1.56.0-win32-x64\jre\21.0.12.1-win32-x86_64\bin\verify.dll

Deoptimization events (20 events):
Event: 2.288 Thread 0x000002a24f45d0f0 Uncommon trap: trap_request=0xffffff45 fr.pc=0x000002a25a150ba4 relative=0x0000000000000184
Event: 2.288 Thread 0x000002a24f45d0f0 Uncommon trap: reason=unstable_if action=reinterpret pc=0x000002a25a150ba4 method=java.lang.StringUTF16.compress([CI[BII)I @ 20 c2
Event: 2.288 Thread 0x000002a24f45d0f0 DEOPT PACKING pc=0x000002a25a150ba4 sp=0x000000e6c98fbc00
Event: 2.288 Thread 0x000002a24f45d0f0 DEOPT UNPACKING pc=0x000002a259be3aa2 sp=0x000000e6c98fbb70 mode 2
Event: 2.326 Thread 0x000002a24f45d0f0 DEOPT PACKING pc=0x000002a252760f04 sp=0x000000e6c98fd5e0
Event: 2.326 Thread 0x000002a24f45d0f0 DEOPT UNPACKING pc=0x000002a259be4242 sp=0x000000e6c98fca38 mode 0
Event: 2.328 Thread 0x000002a24f45d0f0 DEOPT PACKING pc=0x000002a252760f04 sp=0x000000e6c98fd5e0
Event: 2.328 Thread 0x000002a24f45d0f0 DEOPT UNPACKING pc=0x000002a259be4242 sp=0x000000e6c98fca38 mode 0
Event: 2.328 Thread 0x000002a24f45d0f0 DEOPT PACKING pc=0x000002a252760f04 sp=0x000000e6c98fd700
Event: 2.328 Thread 0x000002a24f45d0f0 DEOPT UNPACKING pc=0x000002a259be4242 sp=0x000000e6c98fcb58 mode 0
Event: 2.328 Thread 0x000002a24f45d0f0 DEOPT PACKING pc=0x000002a252760f04 sp=0x000000e6c98fd700
Event: 2.328 Thread 0x000002a24f45d0f0 DEOPT UNPACKING pc=0x000002a259be4242 sp=0x000000e6c98fcb58 mode 0
Event: 2.347 Thread 0x000002a24f45d0f0 Uncommon trap: trap_request=0xffffff6e fr.pc=0x000002a25a172b1c relative=0x00000000000001fc
Event: 2.347 Thread 0x000002a24f45d0f0 Uncommon trap: reason=loop_limit_check action=maybe_recompile pc=0x000002a25a172b1c method=java.math.BigInteger.implMulAdd([I[IIII)I @ 26 c2
Event: 2.347 Thread 0x000002a24f45d0f0 DEOPT PACKING pc=0x000002a25a172b1c sp=0x000000e6c98fd7d0
Event: 2.347 Thread 0x000002a24f45d0f0 DEOPT UNPACKING pc=0x000002a259be3aa2 sp=0x000000e6c98fd720 mode 2
Event: 2.603 Thread 0x000002a24f45d0f0 Uncommon trap: trap_request=0xffffff45 fr.pc=0x000002a25a1639d0 relative=0x00000000000005f0
Event: 2.603 Thread 0x000002a24f45d0f0 Uncommon trap: reason=unstable_if action=reinterpret pc=0x000002a25a1639d0 method=java.lang.AbstractStringBuilder.append(Ljava/lang/String;)Ljava/lang/AbstractStringBuilder; @ 1 c2
Event: 2.603 Thread 0x000002a24f45d0f0 DEOPT PACKING pc=0x000002a25a1639d0 sp=0x000000e6c98fde90
Event: 2.603 Thread 0x000002a24f45d0f0 DEOPT UNPACKING pc=0x000002a259be3aa2 sp=0x000000e6c98fde20 mode 2

Classes loaded (20 events):
Event: 2.609 Loading class java/util/regex/Pattern$1MatcherIterator
Event: 2.609 Loading class java/util/regex/Pattern$1MatcherIterator done
Event: 2.612 Loading class java/util/ImmutableCollections$Access
Event: 2.613 Loading class java/util/ImmutableCollections$Access done
Event: 2.613 Loading class java/util/ImmutableCollections$Access$1
Event: 2.613 Loading class jdk/internal/access/JavaUtilCollectionAccess
Event: 2.613 Loading class jdk/internal/access/JavaUtilCollectionAccess done
Event: 2.613 Loading class java/util/ImmutableCollections$Access$1 done
Event: 2.625 Loading class java/util/stream/Nodes$SpinedNodeBuilder
Event: 2.626 Loading class java/util/stream/SpinedBuffer
Event: 2.627 Loading class java/util/stream/AbstractSpinedBuffer
Event: 2.628 Loading class java/util/stream/AbstractSpinedBuffer done
Event: 2.628 Loading class java/util/stream/SpinedBuffer done
Event: 2.628 Loading class java/util/stream/Nodes$SpinedNodeBuilder done
Event: 2.675 Loading class java/lang/invoke/DirectMethodHandle$Special
Event: 2.680 Loading class java/lang/invoke/DirectMethodHandle$Special done
Event: 2.718 Loading class java/util/stream/ReduceOps$2
Event: 2.719 Loading class java/util/stream/ReduceOps$2 done
Event: 2.719 Loading class java/util/stream/ReduceOps$2ReducingSink
Event: 2.719 Loading class java/util/stream/ReduceOps$2ReducingSink done

Classes unloaded (0 events):
No events

Classes redefined (0 events):
No events

Internal exceptions (20 events):
Event: 0.857 Thread 0x000002a24f45d0f0 Exception <a 'java/lang/NoSuchMethodError'{0x00000000d59dcbd8}: 'java.lang.Object java.lang.invoke.DirectMethodHandle$Holder.invokeStatic(java.lang.Object, java.lang.Object, java.lang.Object, java.lang.Object, int)'> (0x00000000d59dcbd8) 
thrown [s\src\hotspot\share\interpreter\linkResolver.cpp, line 773]
Event: 0.860 Thread 0x000002a24f45d0f0 Exception <a 'java/lang/NoSuchMethodError'{0x00000000d59e8018}: 'void java.lang.invoke.DelegatingMethodHandle$Holder.reinvoke_L(java.lang.Object, java.lang.Object, java.lang.Object, int, java.lang.Object)'> (0x00000000d59e8018) 
thrown [s\src\hotspot\share\interpreter\linkResolver.cpp, line 773]
Event: 0.867 Thread 0x000002a24f45d0f0 Exception <a 'java/lang/NoSuchMethodError'{0x00000000d59f8968}: 'int java.lang.invoke.DirectMethodHandle$Holder.invokeSpecial(java.lang.Object, java.lang.Object, java.lang.Object)'> (0x00000000d59f8968) 
thrown [s\src\hotspot\share\interpreter\linkResolver.cpp, line 773]
Event: 0.885 Thread 0x000002a24f45d0f0 Exception <a 'java/lang/NoSuchMethodError'{0x00000000d5a04628}: 'java.lang.Object java.lang.invoke.DirectMethodHandle$Holder.invokeStatic(java.lang.Object, java.lang.Object, int)'> (0x00000000d5a04628) 
thrown [s\src\hotspot\share\interpreter\linkResolver.cpp, line 773]
Event: 0.889 Thread 0x000002a24f45d0f0 Exception <a 'java/lang/NoSuchMethodError'{0x00000000d5a08f78}: 'void java.lang.invoke.DirectMethodHandle$Holder.invokeStatic(java.lang.Object, java.lang.Object, int, java.lang.Object)'> (0x00000000d5a08f78) 
thrown [s\src\hotspot\share\interpreter\linkResolver.cpp, line 773]
Event: 0.890 Thread 0x000002a24f45d0f0 Exception <a 'java/lang/NoSuchMethodError'{0x00000000d5a0cb08}: 'void java.lang.invoke.DirectMethodHandle$Holder.invokeSpecial(java.lang.Object, java.lang.Object, java.lang.Object, int, java.lang.Object)'> (0x00000000d5a0cb08) 
thrown [s\src\hotspot\share\interpreter\linkResolver.cpp, line 773]
Event: 0.892 Thread 0x000002a24f45d0f0 Exception <a 'java/lang/NoSuchMethodError'{0x00000000d5a0ff78}: 'void java.lang.invoke.DelegatingMethodHandle$Holder.delegate(java.lang.Object, java.lang.Object, int, java.lang.Object)'> (0x00000000d5a0ff78) 
thrown [s\src\hotspot\share\interpreter\linkResolver.cpp, line 773]
Event: 1.274 Thread 0x000002a24f45d0f0 Exception <a 'java/lang/NoSuchMethodError'{0x00000000d5bcee68}: 'void java.lang.invoke.DelegatingMethodHandle$Holder.reinvoke_L(java.lang.Object, java.lang.Object, java.lang.Object, int)'> (0x00000000d5bcee68) 
thrown [s\src\hotspot\share\interpreter\linkResolver.cpp, line 773]
Event: 1.961 Thread 0x000002a24f45d0f0 Exception <a 'java/lang/NoSuchMethodError'{0x00000000d6060718}: 'void java.lang.invoke.DirectMethodHandle$Holder.invokeVirtual(java.lang.Object, java.lang.Object)'> (0x00000000d6060718) 
thrown [s\src\hotspot\share\interpreter\linkResolver.cpp, line 773]
Event: 2.464 Thread 0x000002a24f45d0f0 Exception <a 'java/lang/NoSuchMethodError'{0x00000000d6449d38}: 'void java.lang.invoke.DirectMethodHandle$Holder.invokeStatic(java.lang.Object, java.lang.Object)'> (0x00000000d6449d38) 
thrown [s\src\hotspot\share\interpreter\linkResolver.cpp, line 773]
Event: 2.499 Thread 0x000002a24f45d0f0 Exception <a 'java/lang/ClassNotFoundException'{0x00000000d6471e30}: sun/net/www/protocol/c/Handler> (0x00000000d6471e30) 
thrown [s\src\hotspot\share\classfile\systemDictionary.cpp, line 313]
Event: 2.537 Thread 0x000002a24f45d0f0 Exception <a 'java/io/FileNotFoundException'{0x00000000d64d06d0}> (0x00000000d64d06d0) 
thrown [s\src\hotspot\share\prims\jni.cpp, line 520]
Event: 2.538 Thread 0x000002a24f45d0f0 Exception <a 'java/io/FileNotFoundException'{0x00000000d64d19f8}> (0x00000000d64d19f8) 
thrown [s\src\hotspot\share\prims\jni.cpp, line 520]
Event: 2.539 Thread 0x000002a24f45d0f0 Exception <a 'java/io/FileNotFoundException'{0x00000000d64d2670}> (0x00000000d64d2670) 
thrown [s\src\hotspot\share\prims\jni.cpp, line 520]
Event: 2.539 Thread 0x000002a24f45d0f0 Exception <a 'java/io/FileNotFoundException'{0x00000000d64d31b0}> (0x00000000d64d31b0) 
thrown [s\src\hotspot\share\prims\jni.cpp, line 520]
Event: 2.603 Thread 0x000002a24f45d0f0 Implicit null exception at 0x000002a25a163424 to 0x000002a25a1639b8
Event: 2.608 Thread 0x000002a24f45d0f0 Exception <a 'java/io/FileNotFoundException'{0x00000000d650d340}> (0x00000000d650d340) 
thrown [s\src\hotspot\share\prims\jni.cpp, line 520]
Event: 2.684 Thread 0x000002a24f45d0f0 Exception <a 'java/lang/NoSuchMethodError'{0x00000000d6548e28}: 'java.lang.Object java.lang.invoke.DirectMethodHandle$Holder.invokeInterface(java.lang.Object, java.lang.Object)'> (0x00000000d6548e28) 
thrown [s\src\hotspot\share\interpreter\linkResolver.cpp, line 773]
Event: 2.700 Thread 0x000002a24f45d0f0 Exception <a 'java/lang/NoSuchMethodError'{0x00000000d655c468}: 'java.lang.Object java.lang.invoke.Invokers$Holder.invokeExact_MT(java.lang.Object, java.lang.Object, java.lang.Object, java.lang.Object, java.lang.Object, java.lang.Object)'> (0x00000000d655c468) 
thrown [s\src\hotspot\share\interpreter\linkResolver.cpp, line 773]
Event: 2.715 Thread 0x000002a24f45d0f0 Exception <a 'java/lang/NoSuchMethodError'{0x00000000d6573540}: 'int java.lang.invoke.DirectMethodHandle$Holder.invokeStatic(java.lang.Object, java.lang.Object, java.lang.Object, java.lang.Object, java.lang.Object)'> (0x00000000d6573540) 
thrown [s\src\hotspot\share\interpreter\linkResolver.cpp, line 773]

ZGC Phase Switch (0 events):
No events

VM Operations (10 events):
Event: 0.306 Executing non-safepoint VM operation: HandshakeAllThreads (Deoptimize)
Event: 0.306 Executing non-safepoint VM operation: HandshakeAllThreads (Deoptimize) done
Event: 0.692 Executing non-safepoint VM operation: HandshakeAllThreads (Deoptimize)
Event: 0.692 Executing non-safepoint VM operation: HandshakeAllThreads (Deoptimize) done
Event: 1.698 Executing safepoint VM operation: Cleanup
Event: 1.698 Executing safepoint VM operation: Cleanup done
Event: 2.392 Executing non-safepoint VM operation: HandshakeAllThreads (Deoptimize)
Event: 2.393 Executing non-safepoint VM operation: HandshakeAllThreads (Deoptimize) done
Event: 2.444 Executing non-safepoint VM operation: HandshakeAllThreads (Deoptimize)
Event: 2.444 Executing non-safepoint VM operation: HandshakeAllThreads (Deoptimize) done

Memory protections (0 events):
No events

Nmethod flushes (0 events):
No events

Events (11 events):
Event: 0.099 Thread 0x000002a24f45d0f0 Thread added: 0x000002a24f45d0f0
Event: 0.173 Thread 0x000002a24f45d0f0 Thread added: 0x000002a265f0c790
Event: 0.174 Thread 0x000002a24f45d0f0 Thread added: 0x000002a265f0e600
Event: 0.175 Thread 0x000002a24f45d0f0 Thread added: 0x000002a24f504aa0
Event: 0.176 Thread 0x000002a24f45d0f0 Thread added: 0x000002a24f507510
Event: 0.176 Thread 0x000002a24f45d0f0 Thread added: 0x000002a24f507f70
Event: 0.176 Thread 0x000002a24f45d0f0 Thread added: 0x000002a24f5089d0
Event: 0.178 Thread 0x000002a24f45d0f0 Thread added: 0x000002a24f5116e0
Event: 0.178 Thread 0x000002a24f45d0f0 Thread added: 0x000002a24f513710
Event: 0.444 Thread 0x000002a24f45d0f0 Thread added: 0x000002a2674869e0
Event: 1.634 Thread 0x000002a24f45d0f0 Thread added: 0x000002a2675be2f0


Dynamic libraries:
0x00007ff6a38e0000 - 0x00007ff6a38ee000 	c:\Users\LENOVO\.vscode\extensions\redhat.java-1.56.0-win32-x64\jre\21.0.12.1-win32-x86_64\bin\java.exe
0x00007ffb386c0000 - 0x00007ffb38927000 	C:\WINDOWS\SYSTEM32\ntdll.dll
0x00007ffb36a60000 - 0x00007ffb36b2b000 	C:\WINDOWS\System32\KERNEL32.DLL
0x00007ffb35bb0000 - 0x00007ffb35fb2000 	C:\WINDOWS\System32\KERNELBASE.dll
0x00007ffb35a50000 - 0x00007ffb35b9c000 	C:\WINDOWS\System32\ucrtbase.dll
0x00007ffac2c00000 - 0x00007ffac2c18000 	c:\Users\LENOVO\.vscode\extensions\redhat.java-1.56.0-win32-x64\jre\21.0.12.1-win32-x86_64\bin\jli.dll
0x00007ffb36bf0000 - 0x00007ffb36dbf000 	C:\WINDOWS\System32\USER32.dll
0x00007ffb36320000 - 0x00007ffb36347000 	C:\WINDOWS\System32\win32u.dll
0x00007ffb374e0000 - 0x00007ffb3750b000 	C:\WINDOWS\System32\GDI32.dll
0x00007ffb36080000 - 0x00007ffb361a9000 	C:\WINDOWS\System32\gdi32full.dll
0x00007ffb36270000 - 0x00007ffb36313000 	C:\WINDOWS\System32\msvcp_win.dll
0x00007ffac2cb0000 - 0x00007ffac2cce000 	c:\Users\LENOVO\.vscode\extensions\redhat.java-1.56.0-win32-x64\jre\21.0.12.1-win32-x86_64\bin\VCRUNTIME140.dll
0x00007ffb20aa0000 - 0x00007ffb20d30000 	C:\WINDOWS\WinSxS\amd64_microsoft.windows.common-controls_6595b64144ccf1df_6.0.26100.9278_none_3e0d1ba8e3303201\COMCTL32.dll
0x00007ffb385c0000 - 0x00007ffb38669000 	C:\WINDOWS\System32\msvcrt.dll
0x00007ffb370c0000 - 0x00007ffb370f1000 	C:\WINDOWS\System32\IMM32.DLL
0x00007ffaf9ec0000 - 0x00007ffaf9ecc000 	c:\Users\LENOVO\.vscode\extensions\redhat.java-1.56.0-win32-x64\jre\21.0.12.1-win32-x86_64\bin\vcruntime140_1.dll
0x00007ffa0e810000 - 0x00007ffa0e89d000 	c:\Users\LENOVO\.vscode\extensions\redhat.java-1.56.0-win32-x64\jre\21.0.12.1-win32-x86_64\bin\msvcp140.dll
0x00007ffa00990000 - 0x00007ffa01732000 	c:\Users\LENOVO\.vscode\extensions\redhat.java-1.56.0-win32-x64\jre\21.0.12.1-win32-x86_64\bin\server\jvm.dll
0x00007ffb37730000 - 0x00007ffb377ec000 	C:\WINDOWS\System32\ADVAPI32.dll
0x00007ffb363e0000 - 0x00007ffb36489000 	C:\WINDOWS\System32\sechost.dll
0x00007ffb38060000 - 0x00007ffb38178000 	C:\WINDOWS\System32\RPCRT4.dll
0x00007ffb36b30000 - 0x00007ffb36bb0000 	C:\WINDOWS\System32\WS2_32.dll
0x00007ffb35720000 - 0x00007ffb3577e000 	C:\WINDOWS\SYSTEM32\POWRPROF.dll
0x00007ffb2e350000 - 0x00007ffb2e35b000 	C:\WINDOWS\SYSTEM32\VERSION.dll
0x00007ffb2d2e0000 - 0x00007ffb2d316000 	C:\WINDOWS\SYSTEM32\WINMM.dll
0x00007ffb35700000 - 0x00007ffb35715000 	C:\WINDOWS\SYSTEM32\UMPDC.dll
0x00007ffb34590000 - 0x00007ffb345ab000 	C:\WINDOWS\SYSTEM32\kernel.appcore.dll
0x00007ffae8bd0000 - 0x00007ffae8bda000 	c:\Users\LENOVO\.vscode\extensions\redhat.java-1.56.0-win32-x64\jre\21.0.12.1-win32-x86_64\bin\jimage.dll
0x00007ffb32d30000 - 0x00007ffb32f7c000 	C:\WINDOWS\SYSTEM32\DBGHELP.DLL
0x00007ffb37100000 - 0x00007ffb37485000 	C:\WINDOWS\System32\combase.dll
0x00007ffb36fe0000 - 0x00007ffb370b9000 	C:\WINDOWS\System32\OLEAUT32.dll
0x00007ffb0c6e0000 - 0x00007ffb0c71b000 	C:\WINDOWS\SYSTEM32\dbgcore.DLL
0x00007ffb35fc0000 - 0x00007ffb3606c000 	C:\WINDOWS\System32\bcryptPrimitives.dll
0x00007ffacb810000 - 0x00007ffacb81f000 	c:\Users\LENOVO\.vscode\extensions\redhat.java-1.56.0-win32-x64\jre\21.0.12.1-win32-x86_64\bin\instrument.dll
0x00007ffac7670000 - 0x00007ffac7690000 	c:\Users\LENOVO\.vscode\extensions\redhat.java-1.56.0-win32-x64\jre\21.0.12.1-win32-x86_64\bin\java.dll
0x00007ffb37800000 - 0x00007ffb37f98000 	C:\WINDOWS\System32\SHELL32.dll
0x00007ffb33320000 - 0x00007ffb33bce000 	C:\WINDOWS\SYSTEM32\windows.storage.dll
0x00007ffb384c0000 - 0x00007ffb385bb000 	C:\WINDOWS\System32\SHCORE.dll
0x00007ffb36dd0000 - 0x00007ffb36e36000 	C:\WINDOWS\System32\shlwapi.dll
0x00007ffb357e0000 - 0x00007ffb35809000 	C:\WINDOWS\SYSTEM32\profapi.dll
0x00007ffabc540000 - 0x00007ffabc558000 	c:\Users\LENOVO\.vscode\extensions\redhat.java-1.56.0-win32-x64\jre\21.0.12.1-win32-x86_64\bin\zip.dll
0x00007ffac8430000 - 0x00007ffac8440000 	C:\Users\LENOVO\.vscode\extensions\redhat.java-1.56.0-win32-x64\jre\21.0.12.1-win32-x86_64\bin\net.dll
0x00007ffb2f700000 - 0x00007ffb2f82a000 	C:\WINDOWS\SYSTEM32\WINHTTP.dll
0x00007ffb34b50000 - 0x00007ffb34bbc000 	C:\WINDOWS\system32\mswsock.dll
0x00007ffabaea0000 - 0x00007ffabaeb6000 	C:\Users\LENOVO\.vscode\extensions\redhat.java-1.56.0-win32-x64\jre\21.0.12.1-win32-x86_64\bin\nio.dll
0x00007ffac6700000 - 0x00007ffac6710000 	c:\Users\LENOVO\.vscode\extensions\redhat.java-1.56.0-win32-x64\jre\21.0.12.1-win32-x86_64\bin\verify.dll

JVMTI agents:
c:\Users\LENOVO\.vscode\extensions\redhat.java-1.56.0-win32-x64\lombok\lombok-1.18.39-4050.jar path:c:\Users\LENOVO\.vscode\extensions\redhat.java-1.56.0-win32-x64\jre\21.0.12.1-win32-x86_64\bin\instrument.dll, loaded, initialized, instrumentlib options:none

dbghelp: loaded successfully - version: 4.0.5 - missing functions: none
symbol engine: initialized successfully - sym options: 0x614 - pdb path: .;c:\Users\LENOVO\.vscode\extensions\redhat.java-1.56.0-win32-x64\jre\21.0.12.1-win32-x86_64\bin;C:\WINDOWS\SYSTEM32;C:\WINDOWS\WinSxS\amd64_microsoft.windows.common-controls_6595b64144ccf1df_6.0.26100.9278_none_3e0d1ba8e3303201;c:\Users\LENOVO\.vscode\extensions\redhat.java-1.56.0-win32-x64\jre\21.0.12.1-win32-x86_64\bin\server

VM Arguments:
jvm_args: --add-modules=ALL-SYSTEM --add-opens=java.base/java.util=ALL-UNNAMED --add-opens=java.base/java.lang=ALL-UNNAMED --add-opens=java.base/sun.nio.fs=ALL-UNNAMED -Declipse.application=org.eclipse.jdt.ls.core.id1 -Dosgi.bundles.defaultStartLevel=4 -Declipse.product=org.eclipse.jdt.ls.core.product -Djava.import.generatesMetadataFilesAtProjectRoot=false -Dm2e.project.cache.size=50 -DDetectVMInstallationsJob.disabled=true -Dfile.encoding=utf8 -XX:+UseParallelGC -XX:GCTimeRatio=4 -XX:AdaptiveSizePolicyWeight=90 -Dsun.zip.disableMemoryMapping=true -Xmx2G -Xms100m -Xlog:disable -javaagent:c:\Users\LENOVO\.vscode\extensions\redhat.java-1.56.0-win32-x64\lombok\lombok-1.18.39-4050.jar -XX:+HeapDumpOnOutOfMemoryError -XX:HeapDumpPath=c:\Users\LENOVO\AppData\Roaming\Code\User\workspaceStorage\9ba78abc6052383251a740eb9fd9f518\redhat.java -Daether.dependencyCollector.impl=bf 
java_command: c:\Users\LENOVO\.vscode\extensions\redhat.java-1.56.0-win32-x64\server\plugins\org.eclipse.equinox.launcher_1.8.0.v20260804-1928.jar -configuration c:\Users\LENOVO\AppData\Roaming\Code\User\globalStorage\redhat.java\1.56.0\config_win -data c:\Users\LENOVO\AppData\Roaming\Code\User\workspaceStorage\9ba78abc6052383251a740eb9fd9f518\redhat.java\jdt_ws --pipe=\\.\pipe\lsp-4522160ecd44fe6c9bc6d5aa000e004b-sock
java_class_path (initial): c:\Users\LENOVO\.vscode\extensions\redhat.java-1.56.0-win32-x64\server\plugins\org.eclipse.equinox.launcher_1.8.0.v20260804-1928.jar
Launcher Type: SUN_STANDARD

[Global flags]
    uintx AdaptiveSizePolicyWeight                 = 90                                        {product} {command line}
     intx CICompilerCount                          = 4                                         {product} {ergonomic}
    uintx GCTimeRatio                              = 4                                         {product} {command line}
     bool HeapDumpOnOutOfMemoryError               = true                                   {manageable} {command line}
    ccstr HeapDumpPath                             = c:\Users\LENOVO\AppData\Roaming\Code\User\workspaceStorage\9ba78abc6052383251a740eb9fd9f518\redhat.java         {manageable} {command line}
   size_t InitialHeapSize                          = 104857600                                 {product} {command line}
   size_t MaxHeapSize                              = 2147483648                                {product} {command line}
   size_t MaxNewSize                               = 715653120                                 {product} {ergonomic}
   size_t MinHeapDeltaBytes                        = 524288                                    {product} {ergonomic}
   size_t MinHeapSize                              = 104857600                                 {product} {command line}
   size_t NewSize                                  = 34603008                                  {product} {ergonomic}
    uintx NonNMethodCodeHeapSize                   = 5839372                                {pd product} {ergonomic}
    uintx NonProfiledCodeHeapSize                  = 122909434                              {pd product} {ergonomic}
   size_t OldSize                                  = 70254592                                  {product} {ergonomic}
    uintx ProfiledCodeHeapSize                     = 122909434                              {pd product} {ergonomic}
    uintx ReservedCodeCacheSize                    = 251658240                              {pd product} {ergonomic}
     bool SegmentedCodeCache                       = true                                      {product} {ergonomic}
   size_t SoftMaxHeapSize                          = 2147483648                             {manageable} {ergonomic}
     bool UseCompressedOops                        = true                           {product lp64_product} {ergonomic}
     bool UseLargePagesIndividualAllocation        = false                                  {pd product} {ergonomic}
     bool UseParallelGC                            = true                                      {product} {command line}

Logging:
Log output configuration:
 #0: stdout all=off uptime,level,tags foldmultilines=false
 #1: stderr all=off uptime,level,tags foldmultilines=false

Release file:
JAVA_VERSION="21.0.12.1" 
MODULES="java.base java.compiler java.datatransfer java.xml java.prefs java.desktop java.instrument java.logging java.management java.security.sasl java.naming java.rmi java.management.rmi java.net.http java.scripting java.security.jgss java.transaction.xa java.sql java.sql.rowset java.xml.crypto java.se java.smartcardio jdk.accessibility jdk.internal.jvmstat jdk.attach jdk.charsets jdk.internal.opt jdk.zipfs jdk.compiler jdk.crypto.ec jdk.crypto.cryptoki jdk.crypto.mscapi jdk.dynalink jdk.internal.ed jdk.editpad jdk.hotspot.agent jdk.httpserver jdk.internal.le jdk.internal.vm.ci jdk.internal.vm.compiler jdk.internal.vm.compiler.management jdk.jartool jdk.javadoc jdk.jcmd jdk.management jdk.management.agent jdk.jconsole jdk.jdeps jdk.jdwp.agent jdk.jdi jdk.jfr jdk.jshell jdk.jsobject jdk.jstatd jdk.localedata jdk.management.jfr jdk.naming.dns jdk.naming.rmi jdk.net jdk.nio.mapmode jdk.random jdk.sctp jdk.security.auth jdk.security.jgss jdk.unsupported jdk.unsupported.desktop jdk.xml.dom" 

Environment Variables:
PATH=D:\Semester 3\JARKOM\Scripts\;D:\Semester 3\JARKOM\;C:\WINDOWS\system32;C:\WINDOWS;C:\WINDOWS\System32\Wbem;C:\WINDOWS\System32\WindowsPowerShell\v1.0\;C:\WINDOWS\System32\OpenSSH\;C:\tools\ghc-9.6.6\bin;C:\Program Files\dotnet\;C:\Users\LENOVO\Downloads\MinGW\bin;C:\Users\LENOVO\Downloads;C:\Program Files (x86)\Microsoft SQL Server\160\Tools\Binn\;C:\Program Files\Microsoft SQL Server\160\Tools\Binn\;C:\Program Files\Microsoft SQL Server\Client SDK\ODBC\170\Tools\Binn\;C:\Program Files\Microsoft SQL Server\160\DTS\Binn\;C:\Program Files (x86)\Microsoft SQL Server\160\DTS\Binn\;C:\Program Files\jdk-25.0.1\bin;C:\Program Files\apache-maven-3.9.11-bin\apache-maven-3.9.11\bin;C:\Program Files\Netbird;C:\Program Files\PostgreSQL\18\bin;C:\Program Files\Git\cmd;C:\Program Files\nodejs\;C:\Users\LENOVO\.local\bin;C:\Users\LENOVO\AppData\Local\Microsoft\WindowsApps;C:\Users\LENOVO\AppData\Local\Programs\Microsoft VS Code\bin;C:\Users\LENOVO\.dotnet\tools;C:\Users\LENOVO\AppData\Local\GitHubDesktop\bin;C:\Users\LENOVO\Downloads\MinGW\bin;D:\Semester 3\JARKOM;C:\tools\apache-maven-3.9.9\bin;C:\Users\LENOVO\AppData\Local\Python\bin;C:\Users\LENOVO\AppData\Local\Programs\cursor\resources\app\bin;C:\Users\LENOVO\AppData\Local\Programs\Antigravity IDE\bin;C:\Users\LENOVO\.bun\bin;C:\Users\LENOVO\AppData\Roaming\npm
USERNAME=LENOVO
OS=Windows_NT
PROCESSOR_IDENTIFIER=AMD64 Family 25 Model 80 Stepping 0, AuthenticAMD
TMP=C:\Users\LENOVO\AppData\Local\Temp
TEMP=C:\Users\LENOVO\AppData\Local\Temp




Periodic native trim disabled

---------------  S Y S T E M  ---------------

OS:
 Windows 11 , 64 bit Build 26100 (10.0.26100.9444)
OS uptime: 0 days 10:28 hours
Hyper-V role detected

CPU: total 12 (initial active 12) (12 cores per cpu, 2 threads per core) family 25 model 80 stepping 0 microcode 0xa50000d, cx8, cmov, fxsr, ht, mmx, 3dnowpref, sse, sse2, sse3, ssse3, sse4a, sse4.1, sse4.2, popcnt, lzcnt, tsc, tscinvbit, avx, avx2, aes, erms, clmul, bmi1, bmi2, adx, sha, fma, vzeroupper, clflush, clflushopt, hv, rdtscp, rdpid, fsrm, f16c, cet_ss
Processor Information for processor 0
  Max Mhz: 2000, Current Mhz: 1890, Mhz Limit: 2000
Processor Information for processor 1
  Max Mhz: 2000, Current Mhz: 1890, Mhz Limit: 2000
Processor Information for processor 2
  Max Mhz: 2000, Current Mhz: 1890, Mhz Limit: 2000
Processor Information for processor 3
  Max Mhz: 2000, Current Mhz: 1890, Mhz Limit: 2000
Processor Information for processor 4
  Max Mhz: 2000, Current Mhz: 1890, Mhz Limit: 2000
Processor Information for processor 5
  Max Mhz: 2000, Current Mhz: 1808, Mhz Limit: 2000
Processor Information for processor 6
  Max Mhz: 2000, Current Mhz: 1890, Mhz Limit: 2000
Processor Information for processor 7
  Max Mhz: 2000, Current Mhz: 1890, Mhz Limit: 2000
Processor Information for processor 8
  Max Mhz: 2000, Current Mhz: 1890, Mhz Limit: 2000
Processor Information for processor 9
  Max Mhz: 2000, Current Mhz: 1890, Mhz Limit: 2000
Processor Information for processor 10
  Max Mhz: 2000, Current Mhz: 1890, Mhz Limit: 2000
Processor Information for processor 11
  Max Mhz: 2000, Current Mhz: 1890, Mhz Limit: 2000

Memory: 4k page, system-wide physical 5981M (186M free)
TotalPageFile size 24413M (AvailPageFile size 0M)
current process WorkingSet (physical memory assigned to process): 62M, peak: 62M
current process commit charge ("private bytes"): 236M, peak: 236M

vm_info: OpenJDK 64-Bit Server VM (21.0.12.1+1-LTS) for windows-amd64 JRE (21.0.12.1+1-LTS), built on 2026-08-18T00:00:00Z by "admin" with MS VC++ 17.12 (VS2022)

END.
